Component: ARM Compiler 6.9 Tool: armlink [5ced1b00]

==============================================================================

Section Cross References

    startup_stm32g030xx.o(RESET) refers to startup_stm32g030xx.o(STACK) for __initial_sp
    startup_stm32g030xx.o(RESET) refers to startup_stm32g030xx.o(.text) for Reset_Handler
    startup_stm32g030xx.o(RESET) refers to stm32g0xx_it.o(.text.NMI_Handler) for NMI_Handler
    startup_stm32g030xx.o(RESET) refers to stm32g0xx_it.o(.text.HardFault_Handler) for HardFault_Handler
    startup_stm32g030xx.o(RESET) refers to stm32g0xx_it.o(.text.SVC_Handler) for SVC_Handler
    startup_stm32g030xx.o(RESET) refers to stm32g0xx_it.o(.text.PendSV_Handler) for PendSV_Handler
    startup_stm32g030xx.o(RESET) refers to stm32g0xx_it.o(.text.SysTick_Handler) for SysTick_Handler
    startup_stm32g030xx.o(RESET) refers to stm32g0xx_it.o(.text.DMA1_Channel1_IRQHandler) for DMA1_Channel1_IRQHandler
    startup_stm32g030xx.o(RESET) refers to stm32g0xx_it.o(.text.ADC1_IRQHandler) for ADC1_IRQHandler
    startup_stm32g030xx.o(RESET) refers to i2c_ex.o(.text.I2C1_IRQHandler) for I2C1_IRQHandler
    startup_stm32g030xx.o(.text) refers to system_stm32g0xx.o(.text.SystemInit) for SystemInit
    startup_stm32g030xx.o(.text) refers to entry.o(.ARM.Collect$$$$00000000) for __main
    main.o(.ARM.exidx.text.IAP_Set) refers to main.o(.text.IAP_Set) for [Anonymous Symbol]
    main.o(.text.map) refers to idiv.o(.text) for __aeabi_idiv
    main.o(.ARM.exidx.text.map) refers to main.o(.text.map) for [Anonymous Symbol]
    main.o(.text.i2c_port_set_to_input) refers to stm32g0xx_hal_gpio.o(.text.HAL_GPIO_WritePin) for HAL_GPIO_WritePin
    main.o(.text.i2c_port_set_to_input) refers to stm32g0xx_hal_gpio.o(.text.HAL_GPIO_Init) for HAL_GPIO_Init
    main.o(.ARM.exidx.text.i2c_port_set_to_input) refers to main.o(.text.i2c_port_set_to_input) for [Anonymous Symbol]
    main.o(.text.init_flash_data) refers to flash.o(.text.readPackedMessageFromFlash) for readPackedMessageFromFlash
    main.o(.text.init_flash_data) refers to memcpya.o(.text) for __aeabi_memcpy
    main.o(.text.init_flash_data) refers to flash.o(.text.writeMessageToFlash) for writeMessageToFlash
    main.o(.text.init_flash_data) refers to main.o(.data..L_MergedGlobals) for [Anonymous Symbol]
    main.o(.ARM.exidx.text.init_flash_data) refers to main.o(.text.init_flash_data) for [Anonymous Symbol]
    main.o(.text.flash_data_write_back) refers to flash.o(.text.readPackedMessageFromFlash) for readPackedMessageFromFlash
    main.o(.text.flash_data_write_back) refers to memcpya.o(.text) for __aeabi_memcpy
    main.o(.text.flash_data_write_back) refers to flash.o(.text.writeMessageToFlash) for writeMessageToFlash
    main.o(.text.flash_data_write_back) refers to main.o(.data..L_MergedGlobals) for [Anonymous Symbol]
    main.o(.ARM.exidx.text.flash_data_write_back) refers to main.o(.text.flash_data_write_back) for [Anonymous Symbol]
    main.o(.text.HAL_ADC_ConvCpltCallback) refers to stm32g0xx_hal_adc.o(.text.HAL_ADC_Stop_DMA) for HAL_ADC_Stop_DMA
    main.o(.text.HAL_ADC_ConvCpltCallback) refers to uidiv.o(.text) for __aeabi_uidiv
    main.o(.text.HAL_ADC_ConvCpltCallback) refers to idiv.o(.text) for __aeabi_idiv
    main.o(.text.HAL_ADC_ConvCpltCallback) refers to stm32g0xx_hal_adc.o(.text.HAL_ADC_Start_DMA) for HAL_ADC_Start_DMA
    main.o(.text.HAL_ADC_ConvCpltCallback) refers to main.o(.data..L_MergedGlobals) for [Anonymous Symbol]
    main.o(.ARM.exidx.text.HAL_ADC_ConvCpltCallback) refers to main.o(.text.HAL_ADC_ConvCpltCallback) for [Anonymous Symbol]
    main.o(.text.Slave_Complete_Callback) refers to main.o(.text.flash_data_write_back) for flash_data_write_back
    main.o(.text.Slave_Complete_Callback) refers to i2c.o(.text.user_i2c_init) for user_i2c_init
    main.o(.text.Slave_Complete_Callback) refers to stm32g0xx_ll_i2c.o(.text.LL_I2C_DeInit) for LL_I2C_DeInit
    main.o(.text.Slave_Complete_Callback) refers to stm32g0xx_hal_adc.o(.text.HAL_ADC_DeInit) for HAL_ADC_DeInit
    main.o(.text.Slave_Complete_Callback) refers to stm32g0xx_hal_cortex.o(.text.HAL_NVIC_DisableIRQ) for HAL_NVIC_DisableIRQ
    main.o(.text.Slave_Complete_Callback) refers to stm32g0xx_hal_adc.o(.text.HAL_ADC_Stop_DMA) for HAL_ADC_Stop_DMA
    main.o(.text.Slave_Complete_Callback) refers to main.o(.text.i2c_port_set_to_input) for i2c_port_set_to_input
    main.o(.text.Slave_Complete_Callback) refers to stm32g0xx_hal_gpio.o(.text.HAL_GPIO_ReadPin) for HAL_GPIO_ReadPin
    main.o(.text.Slave_Complete_Callback) refers to dma.o(.text.MX_DMA_Init) for MX_DMA_Init
    main.o(.text.Slave_Complete_Callback) refers to adc.o(.text.MX_ADC1_Init) for MX_ADC1_Init
    main.o(.text.Slave_Complete_Callback) refers to stm32g0xx_hal_adc_ex.o(.text.HAL_ADCEx_Calibration_Start) for HAL_ADCEx_Calibration_Start
    main.o(.text.Slave_Complete_Callback) refers to stm32g0xx_hal_adc.o(.text.HAL_ADC_Start_DMA) for HAL_ADC_Start_DMA
[...]
    Removing stm32g0xx_hal_pwr.o(.text.HAL_PWR_EnableWakeUpPin), (36 bytes).
    Removing stm32g0xx_hal_pwr.o(.ARM.exidx.text.HAL_PWR_EnableWakeUpPin), (8 bytes).
    Removing stm32g0xx_hal_pwr.o(.text.HAL_PWR_DisableWakeUpPin), (24 bytes).
    Removing stm32g0xx_hal_pwr.o(.ARM.exidx.text.HAL_PWR_DisableWakeUpPin), (8 bytes).
    Removing stm32g0xx_hal_pwr.o(.text.HAL_PWR_EnterSLEEPMode), (76 bytes).
    Removing stm32g0xx_hal_pwr.o(.ARM.exidx.text.HAL_PWR_EnterSLEEPMode), (8 bytes).
    Removing stm32g0xx_hal_pwr.o(.text.HAL_PWR_EnterSTOPMode), (64 bytes).
    Removing stm32g0xx_hal_pwr.o(.ARM.exidx.text.HAL_PWR_EnterSTOPMode), (8 bytes).
    Removing stm32g0xx_hal_pwr.o(.text.HAL_PWR_EnterSTANDBYMode), (36 bytes).
    Removing stm32g0xx_hal_pwr.o(.ARM.exidx.text.HAL_PWR_EnterSTANDBYMode), (8 bytes).
    Removing stm32g0xx_hal_pwr.o(.text.HAL_PWR_EnableSleepOnExit), (16 bytes).
    Removing stm32g0xx_hal_pwr.o(.ARM.exidx.text.HAL_PWR_EnableSleepOnExit), (8 bytes).
    Removing stm32g0xx_hal_pwr.o(.text.HAL_PWR_DisableSleepOnExit), (16 bytes).
    Removing stm32g0xx_hal_pwr.o(.ARM.exidx.text.HAL_PWR_DisableSleepOnExit), (8 bytes).
    Removing stm32g0xx_hal_pwr.o(.text.HAL_PWR_EnableSEVOnPend), (16 bytes).
    Removing stm32g0xx_hal_pwr.o(.ARM.exidx.text.HAL_PWR_EnableSEVOnPend), (8 bytes).
    Removing stm32g0xx_hal_pwr.o(.text.HAL_PWR_DisableSEVOnPend), (16 bytes).
    Removing stm32g0xx_hal_pwr.o(.ARM.exidx.text.HAL_PWR_DisableSEVOnPend), (8 bytes).
    Removing stm32g0xx_hal_pwr_ex.o(.text), (0 bytes).
    Removing stm32g0xx_hal_pwr_ex.o(.text.HAL_PWREx_EnableBatteryCharging), (28 bytes).
    Removing stm32g0xx_hal_pwr_ex.o(.ARM.exidx.text.HAL_PWREx_EnableBatteryCharging), (8 bytes).
    Removing stm32g0xx_hal_pwr_ex.o(.text.HAL_PWREx_DisableBatteryCharging), (20 bytes).
    Removing stm32g0xx_hal_pwr_ex.o(.ARM.exidx.text.HAL_PWREx_DisableBatteryCharging), (8 bytes).
    Removing stm32g0xx_hal_pwr_ex.o(.text.HAL_PWREx_EnableInternalWakeUpLine), (20 bytes).
    Removing stm32g0xx_hal_pwr_ex.o(.ARM.exidx.text.HAL_PWREx_EnableInternalWakeUpLine), (8 bytes).
    Removing stm32g0xx_hal_pwr_ex.o(.text.HAL_PWREx_DisableInternalWakeUpLine), (20 bytes).
    Removing stm32g0xx_hal_pwr_ex.o(.ARM.exidx.text.HAL_PWREx_DisableInternalWakeUpLine), (8 bytes).
    Removing stm32g0xx_hal_pwr_ex.o(.text.HAL_PWREx_EnableGPIOPullUp), (108 bytes).
    Removing stm32g0xx_hal_pwr_ex.o(.ARM.exidx.text.HAL_PWREx_EnableGPIOPullUp), (8 bytes).
    Removing stm32g0xx_hal_pwr_ex.o(.text.HAL_PWREx_DisableGPIOPullUp), (92 bytes).
    Removing stm32g0xx_hal_pwr_ex.o(.ARM.exidx.text.HAL_PWREx_DisableGPIOPullUp), (8 bytes).
    Removing stm32g0xx_hal_pwr_ex.o(.text.HAL_PWREx_EnableGPIOPullDown), (128 bytes).
    Removing stm32g0xx_hal_pwr_ex.o(.ARM.exidx.text.HAL_PWREx_EnableGPIOPullDown), (8 bytes).
    Removing stm32g0xx_hal_pwr_ex.o(.text.HAL_PWREx_DisableGPIOPullDown), (64 bytes).
    Removing stm32g0xx_hal_pwr_ex.o(.ARM.exidx.text.HAL_PWREx_DisableGPIOPullDown), (8 bytes).
    Removing stm32g0xx_hal_pwr_ex.o(.text.HAL_PWREx_EnablePullUpPullDownConfig), (20 bytes).
    Removing stm32g0xx_hal_pwr_ex.o(.ARM.exidx.text.HAL_PWREx_EnablePullUpPullDownConfig), (8 bytes).
    Removing stm32g0xx_hal_pwr_ex.o(.text.HAL_PWREx_DisablePullUpPullDownConfig), (20 bytes).
    Removing stm32g0xx_hal_pwr_ex.o(.ARM.exidx.text.HAL_PWREx_DisablePullUpPullDownConfig), (8 bytes).
    Removing stm32g0xx_hal_pwr_ex.o(.text.HAL_PWREx_EnableFlashPowerDown), (16 bytes).
    Removing stm32g0xx_hal_pwr_ex.o(.ARM.exidx.text.HAL_PWREx_EnableFlashPowerDown), (8 bytes).
    Removing stm32g0xx_hal_pwr_ex.o(.text.HAL_PWREx_DisableFlashPowerDown), (16 bytes).
    Removing stm32g0xx_hal_pwr_ex.o(.ARM.exidx.text.HAL_PWREx_DisableFlashPowerDown), (8 bytes).
    Removing stm32g0xx_hal_pwr_ex.o(.text.HAL_PWREx_GetVoltageRange), (16 bytes).
    Removing stm32g0xx_hal_pwr_ex.o(.ARM.exidx.text.HAL_PWREx_GetVoltageRange), (8 bytes).
    Removing stm32g0xx_hal_pwr_ex.o(.text.HAL_PWREx_ControlVoltageScaling), (76 bytes).
    Removing stm32g0xx_hal_pwr_ex.o(.ARM.exidx.text.HAL_PWREx_ControlVoltageScaling), (8 bytes).
    Removing stm32g0xx_hal_pwr_ex.o(.text.HAL_PWREx_EnableLowPowerRunMode), (20 bytes).
    Removing stm32g0xx_hal_pwr_ex.o(.ARM.exidx.text.HAL_PWREx_EnableLowPowerRunMode), (8 bytes).
    Removing stm32g0xx_hal_pwr_ex.o(.text.HAL_PWREx_DisableLowPowerRunMode), (64 bytes).
    Removing stm32g0xx_hal_pwr_ex.o(.ARM.exidx.text.HAL_PWREx_DisableLowPowerRunMode), (8 bytes).
    Removing stm32g0xx_hal_cortex.o(.text), (0 bytes).
    Removing stm32g0xx_hal_cortex.o(.ARM.exidx.text.HAL_NVIC_SetPriority), (8 bytes).
    Removing stm32g0xx_hal_cortex.o(.ARM.exidx.text.__NVIC_SetPriority), (8 bytes).
    Removing stm32g0xx_hal_cortex.o(.ARM.exidx.text.HAL_NVIC_EnableIRQ), (8 bytes).
    Removing stm32g0xx_hal_cortex.o(.ARM.exidx.text.HAL_NVIC_DisableIRQ), (8 bytes).
    Removing stm32g0xx_hal_cortex.o(.text.HAL_NVIC_SystemReset), (28 bytes).
    Removing stm32g0xx_hal_cortex.o(.ARM.exidx.text.HAL_NVIC_SystemReset), (8 bytes).
    Removing stm32g0xx_hal_cortex.o(.ARM.exidx.text.HAL_SYSTICK_Config), (8 bytes).
    Removing stm32g0xx_hal_cortex.o(.text.HAL_NVIC_GetPriority), (56 bytes).
    Removing stm32g0xx_hal_cortex.o(.ARM.exidx.text.HAL_NVIC_GetPriority), (8 bytes).
    Removing stm32g0xx_hal_cortex.o(.text.HAL_NVIC_SetPendingIRQ), (24 bytes).
    Removing stm32g0xx_hal_cortex.o(.ARM.exidx.text.HAL_NVIC_SetPendingIRQ), (8 bytes).
    Removing stm32g0xx_hal_cortex.o(.text.HAL_NVIC_GetPendingIRQ), (36 bytes).
    Removing stm32g0xx_hal_cortex.o(.ARM.exidx.text.HAL_NVIC_GetPendingIRQ), (8 bytes).
    Removing stm32g0xx_hal_cortex.o(.text.HAL_NVIC_ClearPendingIRQ), (24 bytes).
    Removing stm32g0xx_hal_cortex.o(.ARM.exidx.text.HAL_NVIC_ClearPendingIRQ), (8 bytes).
    Removing stm32g0xx_hal_cortex.o(.text.HAL_SYSTICK_CLKSourceConfig), (28 bytes).
    Removing stm32g0xx_hal_cortex.o(.ARM.exidx.text.HAL_SYSTICK_CLKSourceConfig), (8 bytes).
    Removing stm32g0xx_hal_cortex.o(.text.HAL_SYSTICK_IRQHandler), (8 bytes).
    Removing stm32g0xx_hal_cortex.o(.ARM.exidx.text.HAL_SYSTICK_IRQHandler), (8 bytes).
    Removing stm32g0xx_hal_cortex.o(.text.HAL_SYSTICK_Callback), (2 bytes).
    Removing stm32g0xx_hal_cortex.o(.ARM.exidx.text.HAL_SYSTICK_Callback), (8 bytes).
    Removing stm32g0xx_hal_cortex.o(.text.HAL_MPU_Enable), (24 bytes).
    Removing stm32g0xx_hal_cortex.o(.ARM.exidx.text.HAL_MPU_Enable), (8 bytes).
    Removing stm32g0xx_hal_cortex.o(.text.HAL_MPU_Disable), (16 bytes).
    Removing stm32g0xx_hal_cortex.o(.ARM.exidx.text.HAL_MPU_Disable), (8 bytes).
    Removing stm32g0xx_hal_cortex.o(.text.HAL_MPU_EnableRegion), (24 bytes).
    Removing stm32g0xx_hal_cortex.o(.ARM.exidx.text.HAL_MPU_EnableRegion), (8 bytes).
    Removing stm32g0xx_hal_cortex.o(.text.HAL_MPU_DisableRegion), (24 bytes).
    Removing stm32g0xx_hal_cortex.o(.ARM.exidx.text.HAL_MPU_DisableRegion), (8 bytes).
    Removing stm32g0xx_hal_cortex.o(.text.HAL_MPU_ConfigRegion), (76 bytes).
    Removing stm32g0xx_hal_cortex.o(.ARM.exidx.text.HAL_MPU_ConfigRegion), (8 bytes).
    Removing stm32g0xx_hal.o(.text), (0 bytes).
    Removing stm32g0xx_hal.o(.ARM.exidx.text.HAL_Init), (8 bytes).
    Removing stm32g0xx_hal.o(.ARM.exidx.text.HAL_InitTick), (8 bytes).
    Removing stm32g0xx_hal.o(.text.HAL_MspInit), (2 bytes).
    Removing stm32g0xx_hal.o(.ARM.exidx.text.HAL_MspInit), (8 bytes).
    Removing stm32g0xx_hal.o(.text.HAL_DeInit), (36 bytes).
    Removing stm32g0xx_hal.o(.ARM.exidx.text.HAL_DeInit), (8 bytes).
    Removing stm32g0xx_hal.o(.text.HAL_MspDeInit), (2 bytes).
    Removing stm32g0xx_hal.o(.ARM.exidx.text.HAL_MspDeInit), (8 bytes).
    Removing stm32g0xx_hal.o(.ARM.exidx.text.HAL_IncTick), (8 bytes).
    Removing stm32g0xx_hal.o(.ARM.exidx.text.HAL_GetTick), (8 bytes).
    Removing stm32g0xx_hal.o(.text.HAL_GetTickPrio), (12 bytes).
    Removing stm32g0xx_hal.o(.ARM.exidx.text.HAL_GetTickPrio), (8 bytes).
    Removing stm32g0xx_hal.o(.text.HAL_SetTickFreq), (36 bytes).
    Removing stm32g0xx_hal.o(.ARM.exidx.text.HAL_SetTickFreq), (8 bytes).
    Removing stm32g0xx_hal.o(.text.HAL_GetTickFreq), (12 bytes).
    Removing stm32g0xx_hal.o(.ARM.exidx.text.HAL_GetTickFreq), (8 bytes).
    Removing stm32g0xx_hal.o(.ARM.exidx.text.HAL_Delay), (8 bytes).
    Removing stm32g0xx_hal.o(.text.HAL_SuspendTick), (16 bytes).
    Removing stm32g0xx_hal.o(.ARM.exidx.text.HAL_SuspendTick), (8 bytes).
    Removing stm32g0xx_hal.o(.text.HAL_ResumeTick), (16 bytes).
    Removing stm32g0xx_hal.o(.ARM.exidx.text.HAL_ResumeTick), (8 bytes).
    Removing stm32g0xx_hal.o(.text.HAL_GetHalVersion), (8 bytes).
    Removing stm32g0xx_hal.o(.ARM.exidx.text.HAL_GetHalVersion), (8 bytes).
    Removing stm32g0xx_hal.o(.text.HAL_GetREVID), (12 bytes).
    Removing stm32g0xx_hal.o(.ARM.exidx.text.HAL_GetREVID), (8 bytes).
    Removing stm32g0xx_hal.o(.text.HAL_GetDEVID), (20 bytes).
    Removing stm32g0xx_hal.o(.ARM.exidx.text.HAL_GetDEVID), (8 bytes).
    Removing stm32g0xx_hal.o(.text.HAL_GetUIDw0), (12 bytes).
    Removing stm32g0xx_hal.o(.ARM.exidx.text.HAL_GetUIDw0), (8 bytes).
    Removing stm32g0xx_hal.o(.text.HAL_GetUIDw1), (12 bytes).
    Removing stm32g0xx_hal.o(.ARM.exidx.text.HAL_GetUIDw1), (8 bytes).
    Removing stm32g0xx_hal.o(.text.HAL_GetUIDw2), (12 bytes).
    Removing stm32g0xx_hal.o(.ARM.exidx.text.HAL_GetUIDw2), (8 bytes).
    Removing stm32g0xx_hal.o(.text.HAL_DBGMCU_EnableDBGStopMode), (16 bytes).
    Removing stm32g0xx_hal.o(.ARM.exidx.text.HAL_DBGMCU_EnableDBGStopMode), (8 bytes).
    Removing stm32g0xx_hal.o(.text.HAL_DBGMCU_DisableDBGStopMode), (16 bytes).
    Removing stm32g0xx_hal.o(.ARM.exidx.text.HAL_DBGMCU_DisableDBGStopMode), (8 bytes).
    Removing stm32g0xx_hal.o(.text.HAL_DBGMCU_EnableDBGStandbyMode), (16 bytes).
    Removing stm32g0xx_hal.o(.ARM.exidx.text.HAL_DBGMCU_EnableDBGStandbyMode), (8 bytes).
    Removing stm32g0xx_hal.o(.text.HAL_DBGMCU_DisableDBGStandbyMode), (16 bytes).
    Removing stm32g0xx_hal.o(.ARM.exidx.text.HAL_DBGMCU_DisableDBGStandbyMode), (8 bytes).
    Removing stm32g0xx_hal.o(.text.HAL_SYSCFG_EnableIOAnalogSwitchBooster), (20 bytes).
    Removing stm32g0xx_hal.o(.ARM.exidx.text.HAL_SYSCFG_EnableIOAnalogSwitchBooster), (8 bytes).
    Removing stm32g0xx_hal.o(.text.HAL_SYSCFG_DisableIOAnalogSwitchBooster), (20 bytes).
    Removing stm32g0xx_hal.o(.ARM.exidx.text.HAL_SYSCFG_DisableIOAnalogSwitchBooster), (8 bytes).
    Removing stm32g0xx_hal.o(.text.HAL_SYSCFG_EnableRemap), (16 bytes).
    Removing stm32g0xx_hal.o(.ARM.exidx.text.HAL_SYSCFG_EnableRemap), (8 bytes).
    Removing stm32g0xx_hal.o(.text.HAL_SYSCFG_DisableRemap), (16 bytes).
    Removing stm32g0xx_hal.o(.ARM.exidx.text.HAL_SYSCFG_DisableRemap), (8 bytes).
    Removing stm32g0xx_hal.o(.text.HAL_SYSCFG_EnableClampingDiode), (16 bytes).
    Removing stm32g0xx_hal.o(.ARM.exidx.text.HAL_SYSCFG_EnableClampingDiode), (8 bytes).
    Removing stm32g0xx_hal.o(.text.HAL_SYSCFG_DisableClampingDiode), (16 bytes).
    Removing stm32g0xx_hal.o(.ARM.exidx.text.HAL_SYSCFG_DisableClampingDiode), (8 bytes).
    Removing stm32g0xx_hal_exti.o(.text), (0 bytes).
    Removing stm32g0xx_hal_exti.o(.text.HAL_EXTI_SetConfigLine), (236 bytes).
    Removing stm32g0xx_hal_exti.o(.ARM.exidx.text.HAL_EXTI_SetConfigLine), (8 bytes).
    Removing stm32g0xx_hal_exti.o(.text.HAL_EXTI_GetConfigLine), (152 bytes).
    Removing stm32g0xx_hal_exti.o(.ARM.exidx.text.HAL_EXTI_GetConfigLine), (8 bytes).
    Removing stm32g0xx_hal_exti.o(.text.HAL_EXTI_ClearConfigLine), (128 bytes).
    Removing stm32g0xx_hal_exti.o(.ARM.exidx.text.HAL_EXTI_ClearConfigLine), (8 bytes).
    Removing stm32g0xx_hal_exti.o(.text.HAL_EXTI_RegisterCallback), (30 bytes).
    Removing stm32g0xx_hal_exti.o(.ARM.exidx.text.HAL_EXTI_RegisterCallback), (8 bytes).
    Removing stm32g0xx_hal_exti.o(.text.HAL_EXTI_GetHandle), (14 bytes).
    Removing stm32g0xx_hal_exti.o(.ARM.exidx.text.HAL_EXTI_GetHandle), (8 bytes).
    Removing stm32g0xx_hal_exti.o(.text.HAL_EXTI_IRQHandler), (72 bytes).
    Removing stm32g0xx_hal_exti.o(.ARM.exidx.text.HAL_EXTI_IRQHandler), (8 bytes).
    Removing stm32g0xx_hal_exti.o(.text.HAL_EXTI_GetPending), (40 bytes).
    Removing stm32g0xx_hal_exti.o(.ARM.exidx.text.HAL_EXTI_GetPending), (8 bytes).
    Removing stm32g0xx_hal_exti.o(.text.HAL_EXTI_ClearPending), (36 bytes).
    Removing stm32g0xx_hal_exti.o(.ARM.exidx.text.HAL_EXTI_ClearPending), (8 bytes).
    Removing stm32g0xx_hal_exti.o(.text.HAL_EXTI_GenerateSWI), (28 bytes).
    Removing stm32g0xx_hal_exti.o(.ARM.exidx.text.HAL_EXTI_GenerateSWI), (8 bytes).
    Removing stm32g0xx_ll_i2c.o(.text), (0 bytes).
    Removing stm32g0xx_ll_i2c.o(.ARM.exidx.text.LL_I2C_DeInit), (8 bytes).
    Removing stm32g0xx_ll_i2c.o(.ARM.exidx.text.LL_I2C_Init), (8 bytes).
    Removing stm32g0xx_ll_i2c.o(.text.LL_I2C_StructInit), (22 bytes).
    Removing stm32g0xx_ll_i2c.o(.ARM.exidx.text.LL_I2C_StructInit), (8 bytes).
    Removing stm32g0xx_ll_gpio.o(.text), (0 bytes).
    Removing stm32g0xx_ll_gpio.o(.text.LL_GPIO_DeInit), (108 bytes).
    Removing stm32g0xx_ll_gpio.o(.ARM.exidx.text.LL_GPIO_DeInit), (8 bytes).
    Removing stm32g0xx_ll_gpio.o(.ARM.exidx.text.LL_GPIO_Init), (8 bytes).
    Removing stm32g0xx_ll_gpio.o(.text.LL_GPIO_StructInit), (24 bytes).
    Removing stm32g0xx_ll_gpio.o(.ARM.exidx.text.LL_GPIO_StructInit), (8 bytes).
    Removing stm32g0xx_hal_tim.o(.text), (0 bytes).
    Removing stm32g0xx_hal_tim_ex.o(.text), (0 bytes).
    Removing system_stm32g0xx.o(.text), (0 bytes).
    Removing system_stm32g0xx.o(.ARM.exidx.text.SystemInit), (8 bytes).
    Removing system_stm32g0xx.o(.text.SystemCoreClockUpdate), (148 bytes).
    Removing system_stm32g0xx.o(.ARM.exidx.text.SystemCoreClockUpdate), (8 bytes).
    Removing system_stm32g0xx.o(.rodata.AHBPrescTable), (64 bytes).
    Removing system_stm32g0xx.o(.rodata.APBPrescTable), (32 bytes).

514 unused section(s) (total 14948 bytes) removed from the image.

==============================================================================

Image Symbol Table

    Local Symbols

    Symbol Name                              Value     Ov Type        Size  Object(Section)

    ../clib/microlib/division.c              0x00000000   Number         0  idiv.o ABSOLUTE
    ../clib/microlib/division.c              0x00000000   Number         0  uidiv.o ABSOLUTE
    ../clib/microlib/init/entry.s            0x00000000   Number         0  entry10b.o ABSOLUTE
    ../clib/microlib/init/entry.s            0x00000000   Number         0  entry7b.o ABSOLUTE
    ../clib/microlib/init/entry.s            0x00000000   Number         0  entry9b.o ABSOLUTE
    ../clib/microlib/init/entry.s            0x00000000   Number         0  entry7a.o ABSOLUTE
    ../clib/microlib/init/entry.s            0x00000000   Number         0  entry5.o ABSOLUTE
    ../clib/microlib/init/entry.s            0x00000000   Number         0  entry11a.o ABSOLUTE
    ../clib/microlib/init/entry.s            0x00000000   Number         0  entry2.o ABSOLUTE
    ../clib/microlib/init/entry.s            0x00000000   Number         0  entry10a.o ABSOLUTE
    ../clib/microlib/init/entry.s            0x00000000   Number         0  entry8a.o ABSOLUTE
    ../clib/microlib/init/entry.s            0x00000000   Number         0  entry8b.o ABSOLUTE
    ../clib/microlib/init/entry.s            0x00000000   Number         0  entry9a.o ABSOLUTE
    ../clib/microlib/init/entry.s            0x00000000   Number         0  entry.o ABSOLUTE
    ../clib/microlib/init/entry.s            0x00000000   Number         0  entry11b.o ABSOLUTE
    ../clib/microlib/malloc/calloc.c         0x00000000   Number         0  calloc.o ABSOLUTE
    ../clib/microlib/malloc/malloc.c         0x00000000   Number         0  malloca.o ABSOLUTE
    ../clib/microlib/malloc/malloc.c         0x00000000   Number         0  mallocr.o ABSOLUTE
    ../clib/microlib/malloc/malloc.c         0x00000000   Number         0  mallocra.o ABSOLUTE
    ../clib/microlib/malloc/malloc.c         0x00000000   Number         0  malloc.o ABSOLUTE
    ../clib/microlib/malloc/mvars.c          0x00000000   Number         0  mvars.o ABSOLUTE
    ../clib/microlib/string/memcpy.c         0x00000000   Number         0  memcpya.o ABSOLUTE
    ../clib/microlib/string/memcpy.c         0x00000000   Number         0  memcpyb.o ABSOLUTE
    ../clib/microlib/string/memset.c         0x00000000   Number         0  memseta.o ABSOLUTE
    adc.c                                    0x00000000   Number         0  adc.o ABSOLUTE
    dc.s                                     0x00000000   Number         0  dc.o ABSOLUTE
    dma.c                                    0x00000000   Number         0  dma.o ABSOLUTE
    flash.c                                  0x00000000   Number         0  flash.o ABSOLUTE
    gpio.c                                   0x00000000   Number         0  gpio.o ABSOLUTE
    handlers.s                               0x00000000   Number         0  handlers.o ABSOLUTE
    i2c.c                                    0x00000000   Number         0  i2c.o ABSOLUTE
    i2c_ex.c                                 0x00000000   Number         0  i2c_ex.o ABSOLUTE
    init.s                                   0x00000000   Number         0  init.o ABSOLUTE
    main.c                                   0x00000000   Number         0  main.o ABSOLUTE
    startup_stm32g030xx.s                    0x00000000   Number         0  startup_stm32g030xx.o ABSOLUTE
    stm32g0xx_hal.c                          0x00000000   Number         0  stm32g0xx_hal.o ABSOLUTE
    stm32g0xx_hal_adc.c                      0x00000000   Number         0  stm32g0xx_hal_adc.o ABSOLUTE
    stm32g0xx_hal_adc_ex.c                   0x00000000   Number         0  stm32g0xx_hal_adc_ex.o ABSOLUTE
    stm32g0xx_hal_cortex.c                   0x00000000   Number         0  stm32g0xx_hal_cortex.o ABSOLUTE
    stm32g0xx_hal_dma.c                      0x00000000   Number         0  stm32g0xx_hal_dma.o ABSOLUTE
    stm32g0xx_hal_dma_ex.c                   0x00000000   Number         0  stm32g0xx_hal_dma_ex.o ABSOLUTE
    stm32g0xx_hal_exti.c                     0x00000000   Number         0  stm32g0xx_hal_exti.o ABSOLUTE
    stm32g0xx_hal_flash.c                    0x00000000   Number         0  stm32g0xx_hal_flash.o ABSOLUTE
    stm32g0xx_hal_flash_ex.c                 0x00000000   Number         0  stm32g0xx_hal_flash_ex.o ABSOLUTE
    stm32g0xx_hal_gpio.c                     0x00000000   Number         0  stm32g0xx_hal_gpio.o ABSOLUTE
    stm32g0xx_hal_msp.c                      0x00000000   Number         0  stm32g0xx_hal_msp.o ABSOLUTE
    stm32g0xx_hal_pwr.c                      0x00000000   Number         0  stm32g0xx_hal_pwr.o ABSOLUTE
    stm32g0xx_hal_pwr_ex.c                   0x00000000   Number         0  stm32g0xx_hal_pwr_ex.o ABSOLUTE
    stm32g0xx_hal_rcc.c                      0x00000000   Number         0  stm32g0xx_hal_rcc.o ABSOLUTE
    stm32g0xx_hal_rcc_ex.c                   0x00000000   Number         0  stm32g0xx_hal_rcc_ex.o ABSOLUTE
    stm32g0xx_hal_tim.c                      0x00000000   Number         0  stm32g0xx_hal_tim.o ABSOLUTE
    stm32g0xx_hal_tim_ex.c                   0x00000000   Number         0  stm32g0xx_hal_tim_ex.o ABSOLUTE
    stm32g0xx_it.c                           0x00000000   Number         0  stm32g0xx_it.o ABSOLUTE
    stm32g0xx_ll_adc.c                       0x00000000   Number         0  stm32g0xx_ll_adc.o ABSOLUTE
    stm32g0xx_ll_dma.c                       0x00000000   Number         0  stm32g0xx_ll_dma.o ABSOLUTE
    stm32g0xx_ll_exti.c                      0x00000000   Number         0  stm32g0xx_ll_exti.o ABSOLUTE
    stm32g0xx_ll_gpio.c                      0x00000000   Number         0  stm32g0xx_ll_gpio.o ABSOLUTE
    stm32g0xx_ll_i2c.c                       0x00000000   Number         0  stm32g0xx_ll_i2c.o ABSOLUTE
    stm32g0xx_ll_rcc.c                       0x00000000   Number         0  stm32g0xx_ll_rcc.o ABSOLUTE
    stm32g0xx_ll_utils.c                     0x00000000   Number         0  stm32g0xx_ll_utils.o ABSOLUTE
    system_stm32g0xx.c                       0x00000000   Number         0  system_stm32g0xx.o ABSOLUTE
    ws2812.c                                 0x00000000   Number         0  ws2812.o ABSOLUTE
    RESET                                    0x08001800   Section      192  startup_stm32g030xx.o(RESET)
    .ARM.Collect$$$$00000000                 0x080018c0   Section        0  entry.o(.ARM.Collect$$$$00000000)
    .ARM.Collect$$$$00000001                 0x080018c0   Section        4  entry2.o(.ARM.Collect$$$$00000001)
    .ARM.Collect$$$$00000004                 0x080018c4   Section        4  entry5.o(.ARM.Collect$$$$00000004)
    .ARM.Collect$$$$00000008                 0x080018c8   Section        0  entry7b.o(.ARM.Collect$$$$00000008)
    .ARM.Collect$$$$0000000A                 0x080018c8   Section        0  entry8b.o(.ARM.Collect$$$$0000000A)
    .ARM.Collect$$$$0000000B                 0x080018c8   Section        8  entry9a.o(.ARM.Collect$$$$0000000B)
    .ARM.Collect$$$$0000000D                 0x080018d0   Section        0  entry10a.o(.ARM.Collect$$$$0000000D)
    .ARM.Collect$$$$0000000F                 0x080018d0   Section        0  entry11a.o(.ARM.Collect$$$$0000000F)
    .ARM.Collect$$$$00002712                 0x080018d0   Section        4  entry2.o(.ARM.Collect$$$$00002712)
    __lit__00000000                          0x080018d0   Data           4  entry2.o(.ARM.Collect$$$$00002712)
    .text                                    0x080018d4   Section       28  startup_stm32g030xx.o(.text)
    .text                                    0x080018f0   Section        0  uidiv.o(.text)
    .text                                    0x0800191c   Section        0  idiv.o(.text)
    .text                                    0x08001944   Section        0  memcpya.o(.text)
    .text                                    0x08001968   Section        0  memseta.o(.text)
    .text                                    0x0800198c   Section        0  calloc.o(.text)
    .text                                    0x080019a8   Section       36  init.o(.text)
    [Anonymous Symbol]                       0x080019cc   Section        0  stm32g0xx_it.o(.text.ADC1_IRQHandler)
    __arm_cp.6_0                             0x080019d8   Number         4  stm32g0xx_it.o(.text.ADC1_IRQHandler)
    [Anonymous Symbol]                       0x080019dc   Section        0  stm32g0xx_hal_adc.o(.text.ADC_ConversionStop)
    [Anonymous Symbol]                       0x08001a38   Section        0  stm32g0xx_hal_adc.o(.text.ADC_DMAConvCplt)
    ADC_DMAConvCplt                          0x08001a39   Thumb Code   120  stm32g0xx_hal_adc.o(.text.ADC_DMAConvCplt)
    [Anonymous Symbol]                       0x08001ab0   Section        0  stm32g0xx_hal_adc.o(.text.ADC_DMAError)
    ADC_DMAError                             0x08001ab1   Thumb Code    26  stm32g0xx_hal_adc.o(.text.ADC_DMAError)
    [Anonymous Symbol]                       0x08001aca   Section        0  stm32g0xx_hal_adc.o(.text.ADC_DMAHalfConvCplt)
    ADC_DMAHalfConvCplt                      0x08001acb   Thumb Code    10  stm32g0xx_hal_adc.o(.text.ADC_DMAHalfConvCplt)
    [Anonymous Symbol]                       0x08001ad4   Section        0  stm32g0xx_hal_adc.o(.text.ADC_Disable)
    [Anonymous Symbol]                       0x08001b40   Section        0  stm32g0xx_hal_adc.o(.text.ADC_Enable)
    __arm_cp.7_0                             0x08001be0   Number         4  stm32g0xx_hal_adc.o(.text.ADC_Enable)
    __arm_cp.7_2                             0x08001be4   Number         4  stm32g0xx_hal_adc.o(.text.ADC_Enable)
    __arm_cp.7_3                             0x08001be8   Number         4  stm32g0xx_hal_adc.o(.text.ADC_Enable)
    [Anonymous Symbol]                       0x08001bec   Section        0  stm32g0xx_it.o(.text.DMA1_Channel1_IRQHandler)
    __arm_cp.5_0                             0x08001bf8   Number         4  stm32g0xx_it.o(.text.DMA1_Channel1_IRQHandler)
    [Anonymous Symbol]                       0x08001bfc   Section        0  stm32g0xx_hal_dma.o(.text.DMA_CalcDMAMUXChannelBaseAndMask)
    DMA_CalcDMAMUXChannelBaseAndMask         0x08001bfd   Thumb Code    48  stm32g0xx_hal_dma.o(.text.DMA_CalcDMAMUXChannelBaseAndMask)
    __arm_cp.1_0                             0x08001c28   Number         4  stm32g0xx_hal_dma.o(.text.DMA_CalcDMAMUXChannelBaseAndMask)
    [Anonymous Symbol]                       0x08001c2c   Section        0  stm32g0xx_hal_dma.o(.text.DMA_CalcDMAMUXRequestGenBaseAndMask)
    DMA_CalcDMAMUXRequestGenBaseAndMask      0x08001c2d   Thumb Code    40  stm32g0xx_hal_dma.o(.text.DMA_CalcDMAMUXRequestGenBaseAndMask)
    __arm_cp.2_0                             0x08001c50   Number         4  stm32g0xx_hal_dma.o(.text.DMA_CalcDMAMUXRequestGenBaseAndMask)
    [Anonymous Symbol]                       0x08001c54   Section        0  stm32g0xx_hal_dma.o(.text.DMA_SetConfig)
    DMA_SetConfig                            0x08001c55   Thumb Code    68  stm32g0xx_hal_dma.o(.text.DMA_SetConfig)
    __arm_cp.5_0                             0x08001c94   Number         4  stm32g0xx_hal_dma.o(.text.DMA_SetConfig)
    [Anonymous Symbol]                       0x08001c98   Section        0  main.o(.text.Error_Handler)
    [Anonymous Symbol]                       0x08001ca0   Section        0  stm32g0xx_hal_flash.o(.text.FLASH_Program_DoubleWord)
    FLASH_Program_DoubleWord                 0x08001ca1   Thumb Code    28  stm32g0xx_hal_flash.o(.text.FLASH_Program_DoubleWord)
    __arm_cp.2_0                             0x08001cb8   Number         4  stm32g0xx_hal_flash.o(.text.FLASH_Program_DoubleWord)
    [Anonymous Symbol]                       0x08001cbc   Section        0  stm32g0xx_hal_flash.o(.text.FLASH_Program_Fast)
    FLASH_Program_Fast                       0x08001cbd   Thumb Code    60  stm32g0xx_hal_flash.o(.text.FLASH_Program_Fast)
    [Anonymous Symbol]                       0x08001cf4   Section        0  stm32g0xx_hal_flash.o(.text.FLASH_WaitForLastOperation)
    __arm_cp.1_0                             0x08001d54   Number         4  stm32g0xx_hal_flash.o(.text.FLASH_WaitForLastOperation)
    __arm_cp.1_1                             0x08001d58   Number         4  stm32g0xx_hal_flash.o(.text.FLASH_WaitForLastOperation)
    __arm_cp.1_2                             0x08001d5c   Number         4  stm32g0xx_hal_flash.o(.text.FLASH_WaitForLastOperation)
    [Anonymous Symbol]                       0x08001d60   Section        0  ws2812.o(.text.GPIO_init)
    __arm_cp.1_0                             0x08001da0   Number         4  ws2812.o(.text.GPIO_init)
    [Anonymous Symbol]                       0x08001da4   Section        0  stm32g0xx_hal_adc_ex.o(.text.HAL_ADCEx_Calibration_Start)
    __arm_cp.0_0                             0x08001ef4   Number         4  stm32g0xx_hal_adc_ex.o(.text.HAL_ADCEx_Calibration_Start)
    __arm_cp.0_1                             0x08001ef8   Number         4  stm32g0xx_hal_adc_ex.o(.text.HAL_ADCEx_Calibration_Start)
    __arm_cp.0_2                             0x08001efc   Number         4  stm32g0xx_hal_adc_ex.o(.text.HAL_ADCEx_Calibration_Start)
    __arm_cp.0_3                             0x08001f00   Number         4  stm32g0xx_hal_adc_ex.o(.text.HAL_ADCEx_Calibration_Start)
    __arm_cp.0_4                             0x08001f04   Number         4  stm32g0xx_hal_adc_ex.o(.text.HAL_ADCEx_Calibration_Start)
    [Anonymous Symbol]                       0x08001f08   Section        0  stm32g0xx_hal_adc_ex.o(.text.HAL_ADCEx_ChannelConfigReadyCallback)
    [Anonymous Symbol]                       0x08001f0a   Section        0  stm32g0xx_hal_adc_ex.o(.text.HAL_ADCEx_EndOfSamplingCallback)
    [Anonymous Symbol]                       0x08001f0c   Section        0  stm32g0xx_hal_adc_ex.o(.text.HAL_ADCEx_LevelOutOfWindow2Callback)
    [Anonymous Symbol]                       0x08001f0e   Section        0  stm32g0xx_hal_adc_ex.o(.text.HAL_ADCEx_LevelOutOfWindow3Callback)
    [Anonymous Symbol]                       0x08001f10   Section        0  stm32g0xx_hal_adc.o(.text.HAL_ADC_ConfigChannel)
    __arm_cp.24_0                            0x08002168   Number         4  stm32g0xx_hal_adc.o(.text.HAL_ADC_ConfigChannel)
    __arm_cp.24_1                            0x0800216c   Number         4  stm32g0xx_hal_adc.o(.text.HAL_ADC_ConfigChannel)
    __arm_cp.24_2                            0x08002170   Number         4  stm32g0xx_hal_adc.o(.text.HAL_ADC_ConfigChannel)
    __arm_cp.24_3                            0x08002174   Number         4  stm32g0xx_hal_adc.o(.text.HAL_ADC_ConfigChannel)
    __arm_cp.24_4                            0x08002178   Number         4  stm32g0xx_hal_adc.o(.text.HAL_ADC_ConfigChannel)
    __arm_cp.24_5                            0x0800217c   Number         4  stm32g0xx_hal_adc.o(.text.HAL_ADC_ConfigChannel)
    __arm_cp.24_6                            0x08002180   Number         4  stm32g0xx_hal_adc.o(.text.HAL_ADC_ConfigChannel)
    __arm_cp.24_7                            0x08002184   Number         4  stm32g0xx_hal_adc.o(.text.HAL_ADC_ConfigChannel)
    __arm_cp.24_8                            0x08002188   Number         4  stm32g0xx_hal_adc.o(.text.HAL_ADC_ConfigChannel)
    [Anonymous Symbol]                       0x0800218c   Section        0  main.o(.text.HAL_ADC_ConvCpltCallback)
    __arm_cp.5_0                             0x08002304   Number         4  main.o(.text.HAL_ADC_ConvCpltCallback)
    __arm_cp.5_1                             0x08002308   Number         4  main.o(.text.HAL_ADC_ConvCpltCallback)
    __arm_cp.5_2                             0x0800230c   Number         4  main.o(.text.HAL_ADC_ConvCpltCallback)
    [Anonymous Symbol]                       0x08002310   Section        0  stm32g0xx_hal_adc.o(.text.HAL_ADC_ConvHalfCpltCallback)
    [Anonymous Symbol]                       0x08002314   Section        0  stm32g0xx_hal_adc.o(.text.HAL_ADC_DeInit)
    __arm_cp.2_1                             0x080023b0   Number         4  stm32g0xx_hal_adc.o(.text.HAL_ADC_DeInit)
    __arm_cp.2_2                             0x080023b4   Number         4  stm32g0xx_hal_adc.o(.text.HAL_ADC_DeInit)
    __arm_cp.2_3                             0x080023b8   Number         4  stm32g0xx_hal_adc.o(.text.HAL_ADC_DeInit)
    __arm_cp.2_4                             0x080023bc   Number         4  stm32g0xx_hal_adc.o(.text.HAL_ADC_DeInit)
    __arm_cp.2_5                             0x080023c0   Number         4  stm32g0xx_hal_adc.o(.text.HAL_ADC_DeInit)
    [Anonymous Symbol]                       0x080023c4   Section        0  stm32g0xx_hal_adc.o(.text.HAL_ADC_ErrorCallback)
    [Anonymous Symbol]                       0x080023c6   Section        0  stm32g0xx_hal_adc.o(.text.HAL_ADC_IRQHandler)
    [Anonymous Symbol]                       0x080024f8   Section        0  stm32g0xx_hal_adc.o(.text.HAL_ADC_Init)
    __arm_cp.0_0                             0x08002738   Number         4  stm32g0xx_hal_adc.o(.text.HAL_ADC_Init)
    __arm_cp.0_1                             0x0800273c   Number         4  stm32g0xx_hal_adc.o(.text.HAL_ADC_Init)
    __arm_cp.0_2                             0x08002740   Number         4  stm32g0xx_hal_adc.o(.text.HAL_ADC_Init)
    __arm_cp.0_3                             0x08002744   Number         4  stm32g0xx_hal_adc.o(.text.HAL_ADC_Init)
    __arm_cp.0_4                             0x08002748   Number         4  stm32g0xx_hal_adc.o(.text.HAL_ADC_Init)
    __arm_cp.0_5                             0x0800274c   Number         4  stm32g0xx_hal_adc.o(.text.HAL_ADC_Init)
    __arm_cp.0_6                             0x08002750   Number         4  stm32g0xx_hal_adc.o(.text.HAL_ADC_Init)
    [Anonymous Symbol]                       0x08002754   Section        0  stm32g0xx_hal_adc.o(.text.HAL_ADC_LevelOutOfWindowCallback)
    [Anonymous Symbol]                       0x08002758   Section        0  adc.o(.text.HAL_ADC_MspDeInit)
    __arm_cp.2_1                             0x0800278c   Number         4  adc.o(.text.HAL_ADC_MspDeInit)
    [Anonymous Symbol]                       0x08002790   Section        0  adc.o(.text.HAL_ADC_MspInit)
    __arm_cp.1_0                             0x08002834   Number         4  adc.o(.text.HAL_ADC_MspInit)
    __arm_cp.1_1                             0x08002838   Number         4  adc.o(.text.HAL_ADC_MspInit)
    __arm_cp.1_2                             0x0800283c   Number         4  adc.o(.text.HAL_ADC_MspInit)
    __arm_cp.1_3                             0x08002840   Number         4  adc.o(.text.HAL_ADC_MspInit)
    [Anonymous Symbol]                       0x08002844   Section        0  stm32g0xx_hal_adc.o(.text.HAL_ADC_Start_DMA)
    __arm_cp.13_0                            0x080028dc   Number         4  stm32g0xx_hal_adc.o(.text.HAL_ADC_Start_DMA)
    __arm_cp.13_1                            0x080028e0   Number         4  stm32g0xx_hal_adc.o(.text.HAL_ADC_Start_DMA)
    __arm_cp.13_2                            0x080028e4   Number         4  stm32g0xx_hal_adc.o(.text.HAL_ADC_Start_DMA)
    __arm_cp.13_3                            0x080028e8   Number         4  stm32g0xx_hal_adc.o(.text.HAL_ADC_Start_DMA)
    __arm_cp.13_4                            0x080028ec   Number         4  stm32g0xx_hal_adc.o(.text.HAL_ADC_Start_DMA)
    [Anonymous Symbol]                       0x080028f0   Section        0  stm32g0xx_hal_adc.o(.text.HAL_ADC_Stop_DMA)
    [Anonymous Symbol]                       0x0800296c   Section        0  stm32g0xx_hal_dma.o(.text.HAL_DMA_Abort)
    __arm_cp.7_0                             0x080029dc   Number         4  stm32g0xx_hal_dma.o(.text.HAL_DMA_Abort)
    [Anonymous Symbol]                       0x080029e0   Section        0  stm32g0xx_hal_dma.o(.text.HAL_DMA_DeInit)
    [Anonymous Symbol]                       0x08002a5c   Section        0  stm32g0xx_hal_dma.o(.text.HAL_DMA_IRQHandler)
    __arm_cp.10_0                            0x08002b14   Number         4  stm32g0xx_hal_dma.o(.text.HAL_DMA_IRQHandler)
    [Anonymous Symbol]                       0x08002b18   Section        0  stm32g0xx_hal_dma.o(.text.HAL_DMA_Init)
    __arm_cp.0_0                             0x08002bc0   Number         4  stm32g0xx_hal_dma.o(.text.HAL_DMA_Init)
    __arm_cp.0_1                             0x08002bc4   Number         4  stm32g0xx_hal_dma.o(.text.HAL_DMA_Init)
    [Anonymous Symbol]                       0x08002bc8   Section        0  stm32g0xx_hal_dma.o(.text.HAL_DMA_Start_IT)
    [Anonymous Symbol]                       0x08002c54   Section        0  stm32g0xx_hal.o(.text.HAL_Delay)
    __arm_cp.10_0                            0x08002c78   Number         4  stm32g0xx_hal.o(.text.HAL_Delay)
    [Anonymous Symbol]                       0x08002c7c   Section        0  stm32g0xx_hal_flash_ex.o(.text.HAL_FLASHEx_Erase)
    __arm_cp.0_1                             0x08002d34   Number         4  stm32g0xx_hal_flash_ex.o(.text.HAL_FLASHEx_Erase)
    __arm_cp.0_3                             0x08002d38   Number         4  stm32g0xx_hal_flash_ex.o(.text.HAL_FLASHEx_Erase)
    [Anonymous Symbol]                       0x08002d3c   Section        0  stm32g0xx_hal_flash.o(.text.HAL_FLASH_Lock)
    [Anonymous Symbol]                       0x08002d5c   Section        0  stm32g0xx_hal_flash.o(.text.HAL_FLASH_Program)
    __arm_cp.0_0                             0x08002dbc   Number         4  stm32g0xx_hal_flash.o(.text.HAL_FLASH_Program)
    __arm_cp.0_1                             0x08002dc0   Number         4  stm32g0xx_hal_flash.o(.text.HAL_FLASH_Program)
    [Anonymous Symbol]                       0x08002dc4   Section        0  stm32g0xx_hal_flash.o(.text.HAL_FLASH_Unlock)
    __arm_cp.8_0                             0x08002de0   Number         4  stm32g0xx_hal_flash.o(.text.HAL_FLASH_Unlock)
    __arm_cp.8_1                             0x08002de4   Number         4  stm32g0xx_hal_flash.o(.text.HAL_FLASH_Unlock)
    __arm_cp.8_2                             0x08002de8   Number         4  stm32g0xx_hal_flash.o(.text.HAL_FLASH_Unlock)
    [Anonymous Symbol]                       0x08002dec   Section        0  stm32g0xx_hal_gpio.o(.text.HAL_GPIO_DeInit)
    [Anonymous Symbol]                       0x08002f00   Section        0  stm32g0xx_hal_gpio.o(.text.HAL_GPIO_Init)
    __arm_cp.0_0                             0x080030cc   Number         4  stm32g0xx_hal_gpio.o(.text.HAL_GPIO_Init)
    __arm_cp.0_1                             0x080030d0   Number         4  stm32g0xx_hal_gpio.o(.text.HAL_GPIO_Init)
    __arm_cp.0_2                             0x080030d4   Number         4  stm32g0xx_hal_gpio.o(.text.HAL_GPIO_Init)
    __arm_cp.0_3                             0x080030d8   Number         4  stm32g0xx_hal_gpio.o(.text.HAL_GPIO_Init)
    __arm_cp.0_4                             0x080030dc   Number         4  stm32g0xx_hal_gpio.o(.text.HAL_GPIO_Init)
    [Anonymous Symbol]                       0x080030e0   Section        0  stm32g0xx_hal_gpio.o(.text.HAL_GPIO_ReadPin)
    [Anonymous Symbol]                       0x080030ee   Section        0  stm32g0xx_hal_gpio.o(.text.HAL_GPIO_WritePin)
    [Anonymous Symbol]                       0x08003100   Section        0  stm32g0xx_hal.o(.text.HAL_GetTick)
    [Anonymous Symbol]                       0x08003108   Section        0  stm32g0xx_hal.o(.text.HAL_IncTick)
    [Anonymous Symbol]                       0x08003114   Section        0  stm32g0xx_hal.o(.text.HAL_Init)
    __arm_cp.0_0                             0x08003138   Number         4  stm32g0xx_hal.o(.text.HAL_Init)
    [Anonymous Symbol]                       0x0800313c   Section        0  stm32g0xx_hal.o(.text.HAL_InitTick)
    __arm_cp.1_0                             0x0800317c   Number         4  stm32g0xx_hal.o(.text.HAL_InitTick)
    __arm_cp.1_1                             0x08003180   Number         4  stm32g0xx_hal.o(.text.HAL_InitTick)
    [Anonymous Symbol]                       0x08003184   Section        0  stm32g0xx_hal_msp.o(.text.HAL_MspInit)
    [Anonymous Symbol]                       0x080031ac   Section        0  stm32g0xx_hal_cortex.o(.text.HAL_NVIC_DisableIRQ)
    __arm_cp.3_0                             0x080031c8   Number         4  stm32g0xx_hal_cortex.o(.text.HAL_NVIC_DisableIRQ)
    [Anonymous Symbol]                       0x080031cc   Section        0  stm32g0xx_hal_cortex.o(.text.HAL_NVIC_EnableIRQ)
    __arm_cp.2_0                             0x080031e0   Number         4  stm32g0xx_hal_cortex.o(.text.HAL_NVIC_EnableIRQ)
    [Anonymous Symbol]                       0x080031e4   Section        0  stm32g0xx_hal_cortex.o(.text.HAL_NVIC_SetPriority)
    [Anonymous Symbol]                       0x080031ec   Section        0  stm32g0xx_hal_cortex.o(.text.HAL_SYSTICK_Config)
    __arm_cp.5_0                             0x08003214   Number         4  stm32g0xx_hal_cortex.o(.text.HAL_SYSTICK_Config)
    __arm_cp.5_1                             0x08003218   Number         4  stm32g0xx_hal_cortex.o(.text.HAL_SYSTICK_Config)
    __arm_cp.5_2                             0x0800321c   Number         4  stm32g0xx_hal_cortex.o(.text.HAL_SYSTICK_Config)
    [Anonymous Symbol]                       0x08003220   Section        0  stm32g0xx_it.o(.text.HardFault_Handler)
    [Anonymous Symbol]                       0x08003224   Section        0  i2c_ex.o(.text.I2C1_IRQHandler)
    __arm_cp.8_0                             0x08003334   Number         4  i2c_ex.o(.text.I2C1_IRQHandler)
    __arm_cp.8_2                             0x08003338   Number         4  i2c_ex.o(.text.I2C1_IRQHandler)
    __arm_cp.8_3                             0x0800333c   Number         4  i2c_ex.o(.text.I2C1_IRQHandler)
    [Anonymous Symbol]                       0x08003340   Section        0  main.o(.text.IAP_Set)
    __arm_cp.0_0                             0x0800337c   Number         4  main.o(.text.IAP_Set)
    __arm_cp.0_1                             0x08003380   Number         4  main.o(.text.IAP_Set)
    __arm_cp.0_2                             0x08003384   Number         4  main.o(.text.IAP_Set)
    [Anonymous Symbol]                       0x08003388   Section        0  i2c.o(.text.LL_APB1_GRP1_EnableClock)
    LL_APB1_GRP1_EnableClock                 0x08003389   Thumb Code    32  i2c.o(.text.LL_APB1_GRP1_EnableClock)
    __arm_cp.2_0                             0x080033a4   Number         4  i2c.o(.text.LL_APB1_GRP1_EnableClock)
    [Anonymous Symbol]                       0x080033a8   Section        0  stm32g0xx_ll_gpio.o(.text.LL_GPIO_Init)
    [Anonymous Symbol]                       0x08003478   Section        0  stm32g0xx_ll_i2c.o(.text.LL_I2C_DeInit)
    __arm_cp.0_0                             0x080034a8   Number         4  stm32g0xx_ll_i2c.o(.text.LL_I2C_DeInit)
    __arm_cp.0_1                             0x080034ac   Number         4  stm32g0xx_ll_i2c.o(.text.LL_I2C_DeInit)
    __arm_cp.0_2                             0x080034b0   Number         4  stm32g0xx_ll_i2c.o(.text.LL_I2C_DeInit)
    __arm_cp.0_3                             0x080034b4   Number         4  stm32g0xx_ll_i2c.o(.text.LL_I2C_DeInit)
    __arm_cp.0_4                             0x080034b8   Number         4  stm32g0xx_ll_i2c.o(.text.LL_I2C_DeInit)
    [Anonymous Symbol]                       0x080034bc   Section        0  stm32g0xx_ll_i2c.o(.text.LL_I2C_Init)
    __arm_cp.1_0                             0x08003524   Number         4  stm32g0xx_ll_i2c.o(.text.LL_I2C_Init)
    __arm_cp.1_1                             0x08003528   Number         4  stm32g0xx_ll_i2c.o(.text.LL_I2C_Init)
    [Anonymous Symbol]                       0x0800352c   Section        0  i2c.o(.text.LL_IOP_GRP1_EnableClock)
    LL_IOP_GRP1_EnableClock                  0x0800352d   Thumb Code    28  i2c.o(.text.LL_IOP_GRP1_EnableClock)
    [Anonymous Symbol]                       0x08003544   Section        0  stm32g0xx_ll_utils.o(.text.LL_SetSystemCoreClock)
    __arm_cp.2_0                             0x0800354c   Number         4  stm32g0xx_ll_utils.o(.text.LL_SetSystemCoreClock)
    [Anonymous Symbol]                       0x08003550   Section        0  adc.o(.text.MX_ADC1_Init)
    __arm_cp.0_0                             0x080035dc   Number         4  adc.o(.text.MX_ADC1_Init)
    __arm_cp.0_1                             0x080035e0   Number         4  adc.o(.text.MX_ADC1_Init)
    __arm_cp.0_2                             0x080035e4   Number         4  adc.o(.text.MX_ADC1_Init)
    __arm_cp.0_3                             0x080035e8   Number         4  adc.o(.text.MX_ADC1_Init)
    [Anonymous Symbol]                       0x080035ec   Section        0  dma.o(.text.MX_DMA_Init)
    __arm_cp.0_0                             0x08003614   Number         4  dma.o(.text.MX_DMA_Init)
    [Anonymous Symbol]                       0x08003618   Section        0  gpio.o(.text.MX_GPIO_Init)
    __arm_cp.0_0                             0x0800367c   Number         4  gpio.o(.text.MX_GPIO_Init)
    [Anonymous Symbol]                       0x08003680   Section        0  i2c.o(.text.MX_I2C1_Init)
    __arm_cp.0_0                             0x0800372c   Number         4  i2c.o(.text.MX_I2C1_Init)
    __arm_cp.0_1                             0x08003730   Number         4  i2c.o(.text.MX_I2C1_Init)
    __arm_cp.0_2                             0x08003734   Number         4  i2c.o(.text.MX_I2C1_Init)
    __arm_cp.0_3                             0x08003738   Number         4  i2c.o(.text.MX_I2C1_Init)
    __arm_cp.0_4                             0x0800373c   Number         4  i2c.o(.text.MX_I2C1_Init)
    __arm_cp.0_5                             0x08003740   Number         4  i2c.o(.text.MX_I2C1_Init)
    __arm_cp.0_6                             0x08003744   Number         4  i2c.o(.text.MX_I2C1_Init)
    [Anonymous Symbol]                       0x08003748   Section        0  stm32g0xx_it.o(.text.NMI_Handler)
    [Anonymous Symbol]                       0x0800374a   Section        0  stm32g0xx_it.o(.text.PendSV_Handler)
    [Anonymous Symbol]                       0x0800374c   Section        0  stm32g0xx_it.o(.text.SVC_Handler)
    [Anonymous Symbol]                       0x08003750   Section        0  main.o(.text.Slave_Complete_Callback)
    __arm_cp.6_11                            0x08003b8c   Number         4  main.o(.text.Slave_Complete_Callback)
    __arm_cp.6_14                            0x08003b94   Number         4  main.o(.text.Slave_Complete_Callback)
    __arm_cp.6_0                             0x08003bc8   Number         4  main.o(.text.Slave_Complete_Callback)
    __arm_cp.6_2                             0x08003bcc   Number         4  main.o(.text.Slave_Complete_Callback)
    __arm_cp.6_4                             0x08003bd0   Number         4  main.o(.text.Slave_Complete_Callback)
    __arm_cp.6_5                             0x08003bd4   Number         4  main.o(.text.Slave_Complete_Callback)
    __arm_cp.6_6                             0x08003bd8   Number         4  main.o(.text.Slave_Complete_Callback)
    __arm_cp.6_7                             0x08003bdc   Number         4  main.o(.text.Slave_Complete_Callback)
    __arm_cp.6_8                             0x08003be0   Number         4  main.o(.text.Slave_Complete_Callback)
    __arm_cp.6_9                             0x08003be4   Number         4  main.o(.text.Slave_Complete_Callback)
    [Anonymous Symbol]                       0x08003be8   Section        0  i2c_ex.o(.text.Slave_Ready_To_Transmit_Callback)
    __arm_cp.7_2                             0x08003c08   Number         4  i2c_ex.o(.text.Slave_Ready_To_Transmit_Callback)
    [Anonymous Symbol]                       0x08003c0c   Section        0  i2c_ex.o(.text.Slave_Reception_Callback)
    __arm_cp.6_0                             0x08003c20   Number         4  i2c_ex.o(.text.Slave_Reception_Callback)
    __arm_cp.6_2                             0x08003c24   Number         4  i2c_ex.o(.text.Slave_Reception_Callback)
    [Anonymous Symbol]                       0x08003c28   Section        0  stm32g0xx_it.o(.text.SysTick_Handler)
    [Anonymous Symbol]                       0x08003c30   Section        0  main.o(.text.SystemClock_Config)
    __arm_cp.8_0                             0x08003cc0   Number         4  main.o(.text.SystemClock_Config)
    __arm_cp.8_1                             0x08003cc4   Number         4  main.o(.text.SystemClock_Config)
    __arm_cp.8_2                             0x08003cc8   Number         4  main.o(.text.SystemClock_Config)
    __arm_cp.8_3                             0x08003ccc   Number         4  main.o(.text.SystemClock_Config)
    __arm_cp.8_4                             0x08003cd0   Number         4  main.o(.text.SystemClock_Config)
    [Anonymous Symbol]                       0x08003cd4   Section        0  system_stm32g0xx.o(.text.SystemInit)
    [Anonymous Symbol]                       0x08003cd8   Section        0  stm32g0xx_hal_cortex.o(.text.__NVIC_SetPriority)
    __NVIC_SetPriority                       0x08003cd9   Thumb Code    64  stm32g0xx_hal_cortex.o(.text.__NVIC_SetPriority)
    __arm_cp.1_0                             0x08003d10   Number         4  stm32g0xx_hal_cortex.o(.text.__NVIC_SetPriority)
    __arm_cp.1_1                             0x08003d14   Number         4  stm32g0xx_hal_cortex.o(.text.__NVIC_SetPriority)
    [Anonymous Symbol]                       0x08003d18   Section        0  ws2812.o(.text.color_set_single)
    __arm_cp.9_0                             0x08003dc8   Number         4  ws2812.o(.text.color_set_single)
    [Anonymous Symbol]                       0x08003dcc   Section        0  main.o(.text.flash_data_write_back)
    __arm_cp.4_0                             0x08003e00   Number         4  main.o(.text.flash_data_write_back)
    [Anonymous Symbol]                       0x08003e04   Section        0  i2c_ex.o(.text.i2c1_it_disable)
    [Anonymous Symbol]                       0x08003e28   Section        0  i2c_ex.o(.text.i2c1_it_enable)
    [Anonymous Symbol]                       0x08003e54   Section        0  i2c_ex.o(.text.i2c1_set_send_data)
    __arm_cp.5_0                             0x08003e80   Number         4  i2c_ex.o(.text.i2c1_set_send_data)
    __arm_cp.5_1                             0x08003e84   Number         4  i2c_ex.o(.text.i2c1_set_send_data)
    [Anonymous Symbol]                       0x08003e88   Section        0  main.o(.text.i2c_port_set_to_input)
    __arm_cp.2_0                             0x08003ec8   Number         4  main.o(.text.i2c_port_set_to_input)
    [Anonymous Symbol]                       0x08003ecc   Section        0  main.o(.text.init_flash_data)
    __arm_cp.3_0                             0x08003f18   Number         4  main.o(.text.init_flash_data)
    [Anonymous Symbol]                       0x08003f1c   Section        0  main.o(.text.main)
    __arm_cp.7_0                             0x08003fe8   Number         4  main.o(.text.main)
    __arm_cp.7_1                             0x08003fec   Number         4  main.o(.text.main)
    __arm_cp.7_3                             0x08003ff0   Number         4  main.o(.text.main)
    __arm_cp.7_4                             0x08003ff4   Number         4  main.o(.text.main)
    __arm_cp.7_5                             0x08003ff8   Number         4  main.o(.text.main)
    __arm_cp.7_6                             0x08003ffc   Number         4  main.o(.text.main)
    [Anonymous Symbol]                       0x08004000   Section        0  ws2812.o(.text.neopixel_set_color)
    [Anonymous Symbol]                       0x08004020   Section        0  ws2812.o(.text.neopixel_show)
    [Anonymous Symbol]                       0x0800404c   Section        0  flash.o(.text.readPackedMessageFromFlash)
    [Anonymous Symbol]                       0x08004080   Section        0  ws2812.o(.text.restart)
    [Anonymous Symbol]                       0x080040c0   Section        0  i2c_ex.o(.text.set_i2c_slave_address)
    __arm_cp.0_0                             0x080040c8   Number         4  i2c_ex.o(.text.set_i2c_slave_address)
    [Anonymous Symbol]                       0x080040cc   Section        0  ws2812.o(.text.sk6812_init)
    __arm_cp.2_0                             0x080040e4   Number         4  ws2812.o(.text.sk6812_init)
    [Anonymous Symbol]                       0x080040e8   Section        0  i2c.o(.text.user_i2c_init)
    __arm_cp.3_0                             0x080041a0   Number         4  i2c.o(.text.user_i2c_init)
    __arm_cp.3_1                             0x080041a4   Number         4  i2c.o(.text.user_i2c_init)
    __arm_cp.3_2                             0x080041a8   Number         4  i2c.o(.text.user_i2c_init)
    __arm_cp.3_3                             0x080041ac   Number         4  i2c.o(.text.user_i2c_init)
    __arm_cp.3_4                             0x080041b0   Number         4  i2c.o(.text.user_i2c_init)
    __arm_cp.3_5                             0x080041b4   Number         4  i2c.o(.text.user_i2c_init)
    __arm_cp.3_6                             0x080041b8   Number         4  i2c.o(.text.user_i2c_init)
    __arm_cp.3_7                             0x080041bc   Number         4  i2c.o(.text.user_i2c_init)
    [Anonymous Symbol]                       0x080041c0   Section        0  flash.o(.text.writeMessageToFlash)
    __arm_cp.4_0                             0x08004278   Number         4  flash.o(.text.writeMessageToFlash)
    __arm_cp.4_1                             0x0800427c   Number         4  flash.o(.text.writeMessageToFlash)
    __arm_cp.4_2                             0x08004280   Number         4  flash.o(.text.writeMessageToFlash)
    i.__scatterload_copy                     0x08004284   Section       14  handlers.o(i.__scatterload_copy)
    i.__scatterload_null                     0x08004292   Section        2  handlers.o(i.__scatterload_null)
    i.__scatterload_zeroinit                 0x08004294   Section       14  handlers.o(i.__scatterload_zeroinit)
    i.malloc                                 0x080042a4   Section        0  malloc.o(i.malloc)
    .data                                    0x200000c0   Section        4  mvars.o(.data)
    .data                                    0x200000c4   Section        4  mvars.o(.data)
    [Anonymous Symbol]                       0x200000d0   Section        0  main.o(.data..L_MergedGlobals)
    [Anonymous Symbol]                       0x2000012c   Section        0  stm32g0xx_hal.o(.data..L_MergedGlobals)
    [Anonymous Symbol]                       0x20000140   Section        0  i2c_ex.o(.bss..L_MergedGlobals)
    [Anonymous Symbol]                       0x20000154   Section        0  ws2812.o(.bss..L_MergedGlobals)
    [Anonymous Symbol]                       0x20000160   Section        0  main.o(.bss..L_MergedGlobals.1)
    HEAP                                     0x20000718   Section      512  startup_stm32g030xx.o(HEAP)
    STACK                                    0x20000918   Section     1024  startup_stm32g030xx.o(STACK)

    Global Symbols

    Symbol Name                              Value     Ov Type        Size  Object(Section)

    BuildAttributes$$THM_ISAv3M$S$PE$A:L22$X:L11$S22$IEEE1$IW$~IW$USESV6$~STKCKD$USESV7$~SHL$OSPACE$EBA8$MICROLIB$REQ8$PRES8$EABIv2 0x00000000   Number         0  anon$$obj.o ABSOLUTE
    __cpp_initialize__aeabi_                  - Undefined Weak Reference
    __cxa_finalize                            - Undefined Weak Reference
    __decompress                              - Undefined Weak Reference
    _clock_init                               - Undefined Weak Reference
    _microlib_exit                            - Undefined Weak Reference
    __Vectors_Size                           0x000000c0   Number         0  startup_stm32g030xx.o ABSOLUTE
    __Vectors                                0x08001800   Data           4  startup_stm32g030xx.o(RESET)
    __Vectors_End                            0x080018c0   Data           0  startup_stm32g030xx.o(RESET)
    __main                                   0x080018c1   Thumb Code     0  entry.o(.ARM.Collect$$$$00000000)
    _main_stk                                0x080018c1   Thumb Code     0  entry2.o(.ARM.Collect$$$$00000001)
    _main_scatterload                        0x080018c5   Thumb Code     0  entry5.o(.ARM.Collect$$$$00000004)
    __main_after_scatterload                 0x080018c9   Thumb Code     0  entry5.o(.ARM.Collect$$$$00000004)
    _main_clock                              0x080018c9   Thumb Code     0  entry7b.o(.ARM.Collect$$$$00000008)
    _main_cpp_init                           0x080018c9   Thumb Code     0  entry8b.o(.ARM.Collect$$$$0000000A)
    _main_init                               0x080018c9   Thumb Code     0  entry9a.o(.ARM.Collect$$$$0000000B)
    __rt_final_cpp                           0x080018d1   Thumb Code     0  entry10a.o(.ARM.Collect$$$$0000000D)
    __rt_final_exit                          0x080018d1   Thumb Code     0  entry11a.o(.ARM.Collect$$$$0000000F)
    Reset_Handler                            0x080018d5   Thumb Code     8  startup_stm32g030xx.o(.text)
    DMA1_Ch4_5_DMAMUX1_OVR_IRQHandler        0x080018e7   Thumb Code     0  startup_stm32g030xx.o(.text)
    DMA1_Channel2_3_IRQHandler               0x080018e7   Thumb Code     0  startup_stm32g030xx.o(.text)
    EXTI0_1_IRQHandler                       0x080018e7   Thumb Code     0  startup_stm32g030xx.o(.text)
    EXTI2_3_IRQHandler                       0x080018e7   Thumb Code     0  startup_stm32g030xx.o(.text)
    EXTI4_15_IRQHandler                      0x080018e7   Thumb Code     0  startup_stm32g030xx.o(.text)
    FLASH_IRQHandler                         0x080018e7   Thumb Code     0  startup_stm32g030xx.o(.text)
    I2C2_IRQHandler                          0x080018e7   Thumb Code     0  startup_stm32g030xx.o(.text)
    RCC_IRQHandler                           0x080018e7   Thumb Code     0  startup_stm32g030xx.o(.text)
    RTC_TAMP_IRQHandler                      0x080018e7   Thumb Code     0  startup_stm32g030xx.o(.text)
    SPI1_IRQHandler                          0x080018e7   Thumb Code     0  startup_stm32g030xx.o(.text)
    SPI2_IRQHandler                          0x080018e7   Thumb Code     0  startup_stm32g030xx.o(.text)
    TIM14_IRQHandler                         0x080018e7   Thumb Code     0  startup_stm32g030xx.o(.text)
    TIM16_IRQHandler                         0x080018e7   Thumb Code     0  startup_stm32g030xx.o(.text)
    TIM17_IRQHandler                         0x080018e7   Thumb Code     0  startup_stm32g030xx.o(.text)
    TIM1_BRK_UP_TRG_COM_IRQHandler           0x080018e7   Thumb Code     0  startup_stm32g030xx.o(.text)
    TIM1_CC_IRQHandler                       0x080018e7   Thumb Code     0  startup_stm32g030xx.o(.text)
    TIM3_IRQHandler                          0x080018e7   Thumb Code     0  startup_stm32g030xx.o(.text)
    USART1_IRQHandler                        0x080018e7   Thumb Code     0  startup_stm32g030xx.o(.text)
    USART2_IRQHandler                        0x080018e7   Thumb Code     0  startup_stm32g030xx.o(.text)
    WWDG_IRQHandler                          0x080018e7   Thumb Code     0  startup_stm32g030xx.o(.text)
    __aeabi_uidiv                            0x080018f1   Thumb Code     0  uidiv.o(.text)
    __aeabi_uidivmod                         0x080018f1   Thumb Code    44  uidiv.o(.text)
    __aeabi_idiv                             0x0800191d   Thumb Code     0  idiv.o(.text)
    __aeabi_idivmod                          0x0800191d   Thumb Code    40  idiv.o(.text)
    __aeabi_memcpy                           0x08001945   Thumb Code    36  memcpya.o(.text)
    __aeabi_memcpy4                          0x08001945   Thumb Code     0  memcpya.o(.text)
    __aeabi_memcpy8                          0x08001945   Thumb Code     0  memcpya.o(.text)
    __aeabi_memset                           0x08001969   Thumb Code    14  memseta.o(.text)
    __aeabi_memset4                          0x08001969   Thumb Code     0  memseta.o(.text)
    __aeabi_memset8                          0x08001969   Thumb Code     0  memseta.o(.text)
    __aeabi_memclr                           0x08001977   Thumb Code     4  memseta.o(.text)
    __aeabi_memclr4                          0x08001977   Thumb Code     0  memseta.o(.text)
    __aeabi_memclr8                          0x08001977   Thumb Code     0  memseta.o(.text)
    _memset$wrapper                          0x0800197b   Thumb Code    18  memseta.o(.text)
    calloc                                   0x0800198d   Thumb Code    28  calloc.o(.text)
    __scatterload                            0x080019a9   Thumb Code    28  init.o(.text)
    __scatterload_rt2                        0x080019a9   Thumb Code     0  init.o(.text)
    ADC1_IRQHandler                          0x080019cd   Thumb Code    16  stm32g0xx_it.o(.text.ADC1_IRQHandler)
    ADC_ConversionStop                       0x080019dd   Thumb Code    96  stm32g0xx_hal_adc.o(.text.ADC_ConversionStop)
    ADC_Disable                              0x08001ad5   Thumb Code   112  stm32g0xx_hal_adc.o(.text.ADC_Disable)
    ADC_Enable                               0x08001b41   Thumb Code   176  stm32g0xx_hal_adc.o(.text.ADC_Enable)
    DMA1_Channel1_IRQHandler                 0x08001bed   Thumb Code    16  stm32g0xx_it.o(.text.DMA1_Channel1_IRQHandler)
    Error_Handler                            0x08001c99   Thumb Code     8  main.o(.text.Error_Handler)
    FLASH_WaitForLastOperation               0x08001cf5   Thumb Code   108  stm32g0xx_hal_flash.o(.text.FLASH_WaitForLastOperation)
    GPIO_init                                0x08001d61   Thumb Code    68  ws2812.o(.text.GPIO_init)
    HAL_ADCEx_Calibration_Start              0x08001da5   Thumb Code   356  stm32g0xx_hal_adc_ex.o(.text.HAL_ADCEx_Calibration_Start)
    HAL_ADCEx_ChannelConfigReadyCallback     0x08001f09   Thumb Code     2  stm32g0xx_hal_adc_ex.o(.text.HAL_ADCEx_ChannelConfigReadyCallback)
    HAL_ADCEx_EndOfSamplingCallback          0x08001f0b   Thumb Code     2  stm32g0xx_hal_adc_ex.o(.text.HAL_ADCEx_EndOfSamplingCallback)
    HAL_ADCEx_LevelOutOfWindow2Callback      0x08001f0d   Thumb Code     2  stm32g0xx_hal_adc_ex.o(.text.HAL_ADCEx_LevelOutOfWindow2Callback)
    HAL_ADCEx_LevelOutOfWindow3Callback      0x08001f0f   Thumb Code     2  stm32g0xx_hal_adc_ex.o(.text.HAL_ADCEx_LevelOutOfWindow3Callback)
    HAL_ADC_ConfigChannel                    0x08001f11   Thumb Code   636  stm32g0xx_hal_adc.o(.text.HAL_ADC_ConfigChannel)
    HAL_ADC_ConvCpltCallback                 0x0800218d   Thumb Code   388  main.o(.text.HAL_ADC_ConvCpltCallback)
    HAL_ADC_ConvHalfCpltCallback             0x08002311   Thumb Code     2  stm32g0xx_hal_adc.o(.text.HAL_ADC_ConvHalfCpltCallback)
    HAL_ADC_DeInit                           0x08002315   Thumb Code   180  stm32g0xx_hal_adc.o(.text.HAL_ADC_DeInit)
    HAL_ADC_ErrorCallback                    0x080023c5   Thumb Code     2  stm32g0xx_hal_adc.o(.text.HAL_ADC_ErrorCallback)
    HAL_ADC_IRQHandler                       0x080023c7   Thumb Code   306  stm32g0xx_hal_adc.o(.text.HAL_ADC_IRQHandler)
    HAL_ADC_Init                             0x080024f9   Thumb Code   604  stm32g0xx_hal_adc.o(.text.HAL_ADC_Init)
    HAL_ADC_LevelOutOfWindowCallback         0x08002755   Thumb Code     2  stm32g0xx_hal_adc.o(.text.HAL_ADC_LevelOutOfWindowCallback)
    HAL_ADC_MspDeInit                        0x08002759   Thumb Code    60  adc.o(.text.HAL_ADC_MspDeInit)
    HAL_ADC_MspInit                          0x08002791   Thumb Code   180  adc.o(.text.HAL_ADC_MspInit)
    HAL_ADC_Start_DMA                        0x08002845   Thumb Code   172  stm32g0xx_hal_adc.o(.text.HAL_ADC_Start_DMA)
    HAL_ADC_Stop_DMA                         0x080028f1   Thumb Code   122  stm32g0xx_hal_adc.o(.text.HAL_ADC_Stop_DMA)
    HAL_DMA_Abort                            0x0800296d   Thumb Code   120  stm32g0xx_hal_dma.o(.text.HAL_DMA_Abort)
    HAL_DMA_DeInit                           0x080029e1   Thumb Code   132  stm32g0xx_hal_dma.o(.text.HAL_DMA_DeInit)
    HAL_DMA_IRQHandler                       0x08002a5d   Thumb Code   188  stm32g0xx_hal_dma.o(.text.HAL_DMA_IRQHandler)
    HAL_DMA_Init                             0x08002b19   Thumb Code   176  stm32g0xx_hal_dma.o(.text.HAL_DMA_Init)
    HAL_DMA_Start_IT                         0x08002bc9   Thumb Code   140  stm32g0xx_hal_dma.o(.text.HAL_DMA_Start_IT)
    HAL_Delay                                0x08002c55   Thumb Code    40  stm32g0xx_hal.o(.text.HAL_Delay)
    HAL_FLASHEx_Erase                        0x08002c7d   Thumb Code   200  stm32g0xx_hal_flash_ex.o(.text.HAL_FLASHEx_Erase)
    HAL_FLASH_Lock                           0x08002d3d   Thumb Code    36  stm32g0xx_hal_flash.o(.text.HAL_FLASH_Lock)
    HAL_FLASH_Program                        0x08002d5d   Thumb Code   104  stm32g0xx_hal_flash.o(.text.HAL_FLASH_Program)
    HAL_FLASH_Unlock                         0x08002dc5   Thumb Code    40  stm32g0xx_hal_flash.o(.text.HAL_FLASH_Unlock)
    HAL_GPIO_DeInit                          0x08002ded   Thumb Code   296  stm32g0xx_hal_gpio.o(.text.HAL_GPIO_DeInit)
    HAL_GPIO_Init                            0x08002f01   Thumb Code   480  stm32g0xx_hal_gpio.o(.text.HAL_GPIO_Init)
    HAL_GPIO_ReadPin                         0x080030e1   Thumb Code    14  stm32g0xx_hal_gpio.o(.text.HAL_GPIO_ReadPin)
    HAL_GPIO_WritePin                        0x080030ef   Thumb Code    16  stm32g0xx_hal_gpio.o(.text.HAL_GPIO_WritePin)
    HAL_GetTick                              0x08003101   Thumb Code    12  stm32g0xx_hal.o(.text.HAL_GetTick)
    HAL_IncTick                              0x08003109   Thumb Code    16  stm32g0xx_hal.o(.text.HAL_IncTick)
    HAL_Init                                 0x08003115   Thumb Code    40  stm32g0xx_hal.o(.text.HAL_Init)
    HAL_InitTick                             0x0800313d   Thumb Code    72  stm32g0xx_hal.o(.text.HAL_InitTick)
    HAL_MspInit                              0x08003185   Thumb Code    44  stm32g0xx_hal_msp.o(.text.HAL_MspInit)
    HAL_NVIC_DisableIRQ                      0x080031ad   Thumb Code    32  stm32g0xx_hal_cortex.o(.text.HAL_NVIC_DisableIRQ)
    HAL_NVIC_EnableIRQ                       0x080031cd   Thumb Code    24  stm32g0xx_hal_cortex.o(.text.HAL_NVIC_EnableIRQ)
    HAL_NVIC_SetPriority                     0x080031e5   Thumb Code     8  stm32g0xx_hal_cortex.o(.text.HAL_NVIC_SetPriority)
    HAL_SYSTICK_Config                       0x080031ed   Thumb Code    52  stm32g0xx_hal_cortex.o(.text.HAL_SYSTICK_Config)
    HardFault_Handler                        0x08003221   Thumb Code     2  stm32g0xx_it.o(.text.HardFault_Handler)
    I2C1_IRQHandler                          0x08003225   Thumb Code   288  i2c_ex.o(.text.I2C1_IRQHandler)
    IAP_Set                                  0x08003341   Thumb Code    72  main.o(.text.IAP_Set)
    LL_GPIO_Init                             0x080033a9   Thumb Code   208  stm32g0xx_ll_gpio.o(.text.LL_GPIO_Init)
    LL_I2C_DeInit                            0x08003479   Thumb Code    68  stm32g0xx_ll_i2c.o(.text.LL_I2C_DeInit)
    LL_I2C_Init                              0x080034bd   Thumb Code   112  stm32g0xx_ll_i2c.o(.text.LL_I2C_Init)
    LL_SetSystemCoreClock                    0x08003545   Thumb Code    12  stm32g0xx_ll_utils.o(.text.LL_SetSystemCoreClock)
    MX_ADC1_Init                             0x08003551   Thumb Code   156  adc.o(.text.MX_ADC1_Init)
    MX_DMA_Init                              0x080035ed   Thumb Code    44  dma.o(.text.MX_DMA_Init)
    MX_GPIO_Init                             0x08003619   Thumb Code   104  gpio.o(.text.MX_GPIO_Init)
    MX_I2C1_Init                             0x08003681   Thumb Code   200  i2c.o(.text.MX_I2C1_Init)
    NMI_Handler                              0x08003749   Thumb Code     2  stm32g0xx_it.o(.text.NMI_Handler)
    PendSV_Handler                           0x0800374b   Thumb Code     2  stm32g0xx_it.o(.text.PendSV_Handler)
    SVC_Handler                              0x0800374d   Thumb Code     2  stm32g0xx_it.o(.text.SVC_Handler)
    Slave_Complete_Callback                  0x08003751   Thumb Code  1176  main.o(.text.Slave_Complete_Callback)
    Slave_Ready_To_Transmit_Callback         0x08003be9   Thumb Code    44  i2c_ex.o(.text.Slave_Ready_To_Transmit_Callback)
    Slave_Reception_Callback                 0x08003c0d   Thumb Code    32  i2c_ex.o(.text.Slave_Reception_Callback)
    SysTick_Handler                          0x08003c29   Thumb Code     8  stm32g0xx_it.o(.text.SysTick_Handler)
    SystemClock_Config                       0x08003c31   Thumb Code   164  main.o(.text.SystemClock_Config)
    SystemInit                               0x08003cd5   Thumb Code     2  system_stm32g0xx.o(.text.SystemInit)
    color_set_single                         0x08003d19   Thumb Code   180  ws2812.o(.text.color_set_single)
    flash_data_write_back                    0x08003dcd   Thumb Code    56  main.o(.text.flash_data_write_back)
    i2c1_it_disable                          0x08003e05   Thumb Code    40  i2c_ex.o(.text.i2c1_it_disable)
    i2c1_it_enable                           0x08003e29   Thumb Code    48  i2c_ex.o(.text.i2c1_it_enable)
    i2c1_set_send_data                       0x08003e55   Thumb Code    52  i2c_ex.o(.text.i2c1_set_send_data)
    i2c_port_set_to_input                    0x08003e89   Thumb Code    72  main.o(.text.i2c_port_set_to_input)
    init_flash_data                          0x08003ecd   Thumb Code    80  main.o(.text.init_flash_data)
    main                                     0x08003f1d   Thumb Code   232  main.o(.text.main)
    neopixel_set_color                       0x08004001   Thumb Code    36  ws2812.o(.text.neopixel_set_color)
    neopixel_show                            0x08004021   Thumb Code    48  ws2812.o(.text.neopixel_show)
    readPackedMessageFromFlash               0x0800404d   Thumb Code    64  flash.o(.text.readPackedMessageFromFlash)
    restart                                  0x08004081   Thumb Code    62  ws2812.o(.text.restart)
    set_i2c_slave_address                    0x080040c1   Thumb Code    12  i2c_ex.o(.text.set_i2c_slave_address)
    sk6812_init                              0x080040cd   Thumb Code    28  ws2812.o(.text.sk6812_init)
    user_i2c_init                            0x080040e9   Thumb Code   216  i2c.o(.text.user_i2c_init)
    writeMessageToFlash                      0x080041c1   Thumb Code   196  flash.o(.text.writeMessageToFlash)
    __scatterload_copy                       0x08004285   Thumb Code    14  handlers.o(i.__scatterload_copy)
    __scatterload_null                       0x08004293   Thumb Code     2  handlers.o(i.__scatterload_null)
    __scatterload_zeroinit                   0x08004295   Thumb Code    14  handlers.o(i.__scatterload_zeroinit)
    malloc                                   0x080042a5   Thumb Code    92  malloc.o(i.malloc)
    Region$$Table$$Base                      0x08004310   Number         0  anon$$obj.o(Region$$Table)
    Region$$Table$$Limit                     0x08004330   Number         0  anon$$obj.o(Region$$Table)
    __microlib_freelist                      0x200000c0   Data           4  mvars.o(.data)
    __microlib_freelist_initialised          0x200000c4   Data           4  mvars.o(.data)
    i2c_address                              0x200000d0   Data           1  main.o(.data..L_MergedGlobals)
    fm_version                               0x200000d1   Data           1  main.o(.data..L_MergedGlobals)
    flag_jump_bootloader                     0x200000d2   Data           1  main.o(.data..L_MergedGlobals)
    usAdcValue8                              0x200000d3   Data           2  main.o(.data..L_MergedGlobals)
    offsetAdcValue8                          0x200000d5   Data           2  main.o(.data..L_MergedGlobals)
    i2c_stop_timeout_delay                   0x200000d8   Data           4  main.o(.data..L_MergedGlobals)
    jump_bootloader_timeout                  0x200000dc   Data           4  main.o(.data..L_MergedGlobals)
    rgb_color_buffer_index                   0x200000e0   Data           4  main.o(.data..L_MergedGlobals)
    lastest_rgb_color                        0x200000e4   Data           4  main.o(.data..L_MergedGlobals)
    usAdcValue16                             0x200000e8   Data           4  main.o(.data..L_MergedGlobals)
    offsetAdcValue16                         0x200000ec   Data           4  main.o(.data..L_MergedGlobals)
    bootloader_version                       0x200000f0   Data           4  main.o(.data..L_MergedGlobals)
    uiAdcValueBuf                            0x200000f4   Data           8  main.o(.data..L_MergedGlobals)
    adc_cal_data                             0x200000fc   Data          16  main.o(.data..L_MergedGlobals)
    flash_data                               0x2000010c   Data          32  main.o(.data..L_MergedGlobals)
    uwTickFreq                               0x2000012c   Data           1  stm32g0xx_hal.o(.data..L_MergedGlobals)
    uwTickPrio                               0x20000130   Data           4  stm32g0xx_hal.o(.data..L_MergedGlobals)
    uwTick                                   0x20000134   Data           4  stm32g0xx_hal.o(.data..L_MergedGlobals)
    SystemCoreClock                          0x20000138   Data           4  system_stm32g0xx.o(.data.SystemCoreClock)
    i2c_addr                                 0x20000140   Data           1  i2c_ex.o(.bss..L_MergedGlobals)
    ubReceiveIndex                           0x20000142   Data           2  i2c_ex.o(.bss..L_MergedGlobals)
    tx_buffer_index                          0x20000144   Data           2  i2c_ex.o(.bss..L_MergedGlobals)
    tx_len                                   0x20000146   Data           2  i2c_ex.o(.bss..L_MergedGlobals)
    i2c_timeout_counter                      0x20000148   Data           4  i2c_ex.o(.bss..L_MergedGlobals)
    i2c_stop_timeout_flag                    0x2000014c   Data           4  i2c_ex.o(.bss..L_MergedGlobals)
    i2c_stop_timeout_counter                 0x20000150   Data           4  i2c_ex.o(.bss..L_MergedGlobals)
    rled                                     0x20000154   Data           1  ws2812.o(.bss..L_MergedGlobals)
    gled                                     0x20000155   Data           1  ws2812.o(.bss..L_MergedGlobals)
    bled                                     0x20000156   Data           1  ws2812.o(.bss..L_MergedGlobals)
    led_num                                  0x20000157   Data           1  ws2812.o(.bss..L_MergedGlobals)
    color_buf                                0x20000158   Data           4  ws2812.o(.bss..L_MergedGlobals)
    rgb_color_buffer                         0x20000160   Data          40  main.o(.bss..L_MergedGlobals.1)
    aReceiveBuffer                           0x20000188   Data         600  i2c_ex.o(.bss.aReceiveBuffer)
    hadc1                                    0x200003e0   Data         100  adc.o(.bss.hadc1)
    hdma_adc1                                0x20000444   Data          92  adc.o(.bss.hdma_adc1)
    pFlash                                   0x200004a0   Data          28  stm32g0xx_hal_flash.o(.bss.pFlash)
    tx_buffer                                0x200004bc   Data         600  i2c_ex.o(.bss.tx_buffer)
    __heap_base                              0x20000718   Data           0  startup_stm32g030xx.o(HEAP)
    __heap_limit                             0x20000918   Data           0  startup_stm32g030xx.o(HEAP)
    __initial_sp                             0x20000d18   Data           0  startup_stm32g030xx.o(STACK)



==============================================================================

Memory Map of the image

  Image Entry point : 0x080018c1

  Load Region LR_IROM1 (Base: 0x08001800, Size: 0x00002bb0, Max: 0x00006800, ABSOLUTE)

    Execution Region ER_IROM1 (Exec base: 0x08001800, Load base: 0x08001800, Size: 0x00002b30, Max: 0x00006800, ABSOLUTE)

    Exec Addr    Load Addr    Size         Type   Attr      Idx    E Section Name        Object

    0x08001800   0x08001800   0x000000c0   Data   RO            3    RESET               startup_stm32g030xx.o
    0x080018c0   0x080018c0   0x00000000   Code   RO          949  * .ARM.Collect$$$$00000000  mc_p.l(entry.o)
    0x080018c0   0x080018c0   0x00000004   Code   RO          964    .ARM.Collect$$$$00000001  mc_p.l(entry2.o)
    0x080018c4   0x080018c4   0x00000004   Code   RO          967    .ARM.Collect$$$$00000004  mc_p.l(entry5.o)
    0x080018c8   0x080018c8   0x00000000   Code   RO          969    .ARM.Collect$$$$00000008  mc_p.l(entry7b.o)
    0x080018c8   0x080018c8   0x00000000   Code   RO          971    .ARM.Collect$$$$0000000A  mc_p.l(entry8b.o)
    0x080018c8   0x080018c8   0x00000008   Code   RO          972    .ARM.Collect$$$$0000000B  mc_p.l(entry9a.o)
    0x080018d0   0x080018d0   0x00000000   Code   RO          974    .ARM.Collect$$$$0000000D  mc_p.l(entry10a.o)
    0x080018d0   0x080018d0   0x00000000   Code   RO          976    .ARM.Collect$$$$0000000F  mc_p.l(entry11a.o)
    0x080018d0   0x080018d0   0x00000004   Code   RO          965    .ARM.Collect$$$$00002712  mc_p.l(entry2.o)
    0x080018d4   0x080018d4   0x0000001c   Code   RO            4    .text               startup_stm32g030xx.o
    0x080018f0   0x080018f0   0x0000002c   Code   RO          952    .text               mc_p.l(uidiv.o)
    0x0800191c   0x0800191c   0x00000028   Code   RO          954    .text               mc_p.l(idiv.o)
    0x08001944   0x08001944   0x00000024   Code   RO          956    .text               mc_p.l(memcpya.o)
    0x08001968   0x08001968   0x00000024   Code   RO          958    .text               mc_p.l(memseta.o)
    0x0800198c   0x0800198c   0x0000001c   Code   RO          962    .text               mc_p.l(calloc.o)
    0x080019a8   0x080019a8   0x00000024   Code   RO         1006    .text               mc_p.l(init.o)
    0x080019cc   0x080019cc   0x00000010   Code   RO          125    .text.ADC1_IRQHandler  stm32g0xx_it.o
    0x080019dc   0x080019dc   0x0000005c   Code   RO          289    .text.ADC_ConversionStop  stm32g0xx_hal_adc.o
    0x08001a38   0x08001a38   0x00000078   Code   RO          311    .text.ADC_DMAConvCplt  stm32g0xx_hal_adc.o
    0x08001ab0   0x08001ab0   0x0000001a   Code   RO          315    .text.ADC_DMAError  stm32g0xx_hal_adc.o
    0x08001aca   0x08001aca   0x0000000a   Code   RO          313    .text.ADC_DMAHalfConvCplt  stm32g0xx_hal_adc.o
    0x08001ad4   0x08001ad4   0x0000006c   Code   RO          291    .text.ADC_Disable   stm32g0xx_hal_adc.o
    0x08001b40   0x08001b40   0x000000ac   Code   RO          297    .text.ADC_Enable    stm32g0xx_hal_adc.o
    0x08001bec   0x08001bec   0x00000010   Code   RO          123    .text.DMA1_Channel1_IRQHandler  stm32g0xx_it.o
    0x08001bfc   0x08001bfc   0x00000030   Code   RO          595    .text.DMA_CalcDMAMUXChannelBaseAndMask  stm32g0xx_hal_dma.o
    0x08001c2c   0x08001c2c   0x00000028   Code   RO          597    .text.DMA_CalcDMAMUXRequestGenBaseAndMask  stm32g0xx_hal_dma.o
    0x08001c54   0x08001c54   0x00000044   Code   RO          603    .text.DMA_SetConfig  stm32g0xx_hal_dma.o
    0x08001c98   0x08001c98   0x00000008   Code   RO           29    .text.Error_Handler  main.o
    0x08001ca0   0x08001ca0   0x0000001c   Code   RO          501    .text.FLASH_Program_DoubleWord  stm32g0xx_hal_flash.o
    0x08001cbc   0x08001cbc   0x00000038   Code   RO          503    .text.FLASH_Program_Fast  stm32g0xx_hal_flash.o
    0x08001cf4   0x08001cf4   0x0000006c   Code   RO          499    .text.FLASH_WaitForLastOperation  stm32g0xx_hal_flash.o
    0x08001d60   0x08001d60   0x00000044   Code   RO          208    .text.GPIO_init     ws2812.o
    0x08001da4   0x08001da4   0x00000164   Code   RO          352    .text.HAL_ADCEx_Calibration_Start  stm32g0xx_hal_adc_ex.o
    0x08001f08   0x08001f08   0x00000002   Code   RO          364    .text.HAL_ADCEx_ChannelConfigReadyCallback  stm32g0xx_hal_adc_ex.o
    0x08001f0a   0x08001f0a   0x00000002   Code   RO          362    .text.HAL_ADCEx_EndOfSamplingCallback  stm32g0xx_hal_adc_ex.o
    0x08001f0c   0x08001f0c   0x00000002   Code   RO          358    .text.HAL_ADCEx_LevelOutOfWindow2Callback  stm32g0xx_hal_adc_ex.o
    0x08001f0e   0x08001f0e   0x00000002   Code   RO          360    .text.HAL_ADCEx_LevelOutOfWindow3Callback  stm32g0xx_hal_adc_ex.o
    0x08001f10   0x08001f10   0x0000027c   Code   RO          331    .text.HAL_ADC_ConfigChannel  stm32g0xx_hal_adc.o
    0x0800218c   0x0800218c   0x00000184   Code   RO           21    .text.HAL_ADC_ConvCpltCallback  main.o
    0x08002310   0x08002310   0x00000002   Code   RO          329    .text.HAL_ADC_ConvHalfCpltCallback  stm32g0xx_hal_adc.o
    0x08002312   0x08002312   0x00000002   PAD
    0x08002314   0x08002314   0x000000b0   Code   RO          287    .text.HAL_ADC_DeInit  stm32g0xx_hal_adc.o
    0x080023c4   0x080023c4   0x00000002   Code   RO          327    .text.HAL_ADC_ErrorCallback  stm32g0xx_hal_adc.o
    0x080023c6   0x080023c6   0x00000132   Code   RO          321    .text.HAL_ADC_IRQHandler  stm32g0xx_hal_adc.o
    0x080024f8   0x080024f8   0x0000025c   Code   RO          283    .text.HAL_ADC_Init  stm32g0xx_hal_adc.o
    0x08002754   0x08002754   0x00000002   Code   RO          325    .text.HAL_ADC_LevelOutOfWindowCallback  stm32g0xx_hal_adc.o
    0x08002756   0x08002756   0x00000002   PAD
    0x08002758   0x08002758   0x00000038   Code   RO           66    .text.HAL_ADC_MspDeInit  adc.o
    0x08002790   0x08002790   0x000000b4   Code   RO           64    .text.HAL_ADC_MspInit  adc.o
    0x08002844   0x08002844   0x000000ac   Code   RO          309    .text.HAL_ADC_Start_DMA  stm32g0xx_hal_adc.o
    0x080028f0   0x080028f0   0x0000007a   Code   RO          317    .text.HAL_ADC_Stop_DMA  stm32g0xx_hal_adc.o
    0x0800296a   0x0800296a   0x00000002   PAD
    0x0800296c   0x0800296c   0x00000074   Code   RO          607    .text.HAL_DMA_Abort  stm32g0xx_hal_dma.o
    0x080029e0   0x080029e0   0x0000007c   Code   RO          599    .text.HAL_DMA_DeInit  stm32g0xx_hal_dma.o
    0x08002a5c   0x08002a5c   0x000000bc   Code   RO          613    .text.HAL_DMA_IRQHandler  stm32g0xx_hal_dma.o
    0x08002b18   0x08002b18   0x000000b0   Code   RO          593    .text.HAL_DMA_Init  stm32g0xx_hal_dma.o
    0x08002bc8   0x08002bc8   0x0000008c   Code   RO          605    .text.HAL_DMA_Start_IT  stm32g0xx_hal_dma.o
    0x08002c54   0x08002c54   0x00000028   Code   RO          817    .text.HAL_Delay     stm32g0xx_hal.o
    0x08002c7c   0x08002c7c   0x000000c0   Code   RO          537    .text.HAL_FLASHEx_Erase  stm32g0xx_hal_flash_ex.o
    0x08002d3c   0x08002d3c   0x00000020   Code   RO          515    .text.HAL_FLASH_Lock  stm32g0xx_hal_flash.o
    0x08002d5c   0x08002d5c   0x00000068   Code   RO          497    .text.HAL_FLASH_Program  stm32g0xx_hal_flash.o
    0x08002dc4   0x08002dc4   0x00000028   Code   RO          513    .text.HAL_FLASH_Unlock  stm32g0xx_hal_flash.o
    0x08002dec   0x08002dec   0x00000114   Code   RO          566    .text.HAL_GPIO_DeInit  stm32g0xx_hal_gpio.o
    0x08002f00   0x08002f00   0x000001e0   Code   RO          564    .text.HAL_GPIO_Init  stm32g0xx_hal_gpio.o
    0x080030e0   0x080030e0   0x0000000e   Code   RO          568    .text.HAL_GPIO_ReadPin  stm32g0xx_hal_gpio.o
    0x080030ee   0x080030ee   0x00000010   Code   RO          570    .text.HAL_GPIO_WritePin  stm32g0xx_hal_gpio.o
    0x080030fe   0x080030fe   0x00000002   PAD
    0x08003100   0x08003100   0x00000008   Code   RO          809    .text.HAL_GetTick   stm32g0xx_hal.o
    0x08003108   0x08003108   0x0000000c   Code   RO          807    .text.HAL_IncTick   stm32g0xx_hal.o
    0x08003114   0x08003114   0x00000028   Code   RO          797    .text.HAL_Init      stm32g0xx_hal.o
    0x0800313c   0x0800313c   0x00000048   Code   RO          799    .text.HAL_InitTick  stm32g0xx_hal.o
    0x08003184   0x08003184   0x00000028   Code   RO          139    .text.HAL_MspInit   stm32g0xx_hal_msp.o
    0x080031ac   0x080031ac   0x00000020   Code   RO          756    .text.HAL_NVIC_DisableIRQ  stm32g0xx_hal_cortex.o
    0x080031cc   0x080031cc   0x00000018   Code   RO          754    .text.HAL_NVIC_EnableIRQ  stm32g0xx_hal_cortex.o
    0x080031e4   0x080031e4   0x00000008   Code   RO          750    .text.HAL_NVIC_SetPriority  stm32g0xx_hal_cortex.o
    0x080031ec   0x080031ec   0x00000034   Code   RO          760    .text.HAL_SYSTICK_Config  stm32g0xx_hal_cortex.o
    0x08003220   0x08003220   0x00000002   Code   RO          115    .text.HardFault_Handler  stm32g0xx_it.o
    0x08003222   0x08003222   0x00000002   PAD
    0x08003224   0x08003224   0x0000011c   Code   RO          189    .text.I2C1_IRQHandler  i2c_ex.o
    0x08003340   0x08003340   0x00000048   Code   RO           11    .text.IAP_Set       main.o
    0x08003388   0x08003388   0x00000020   Code   RO           98    .text.LL_APB1_GRP1_EnableClock  i2c.o
    0x080033a8   0x080033a8   0x000000d0   Code   RO          915    .text.LL_GPIO_Init  stm32g0xx_ll_gpio.o
    0x08003478   0x08003478   0x00000044   Code   RO          896    .text.LL_I2C_DeInit  stm32g0xx_ll_i2c.o
    0x080034bc   0x080034bc   0x00000070   Code   RO          898    .text.LL_I2C_Init   stm32g0xx_ll_i2c.o
    0x0800352c   0x0800352c   0x00000018   Code   RO           96    .text.LL_IOP_GRP1_EnableClock  i2c.o
    0x08003544   0x08003544   0x0000000c   Code   RO          243    .text.LL_SetSystemCoreClock  stm32g0xx_ll_utils.o
    0x08003550   0x08003550   0x0000009c   Code   RO           62    .text.MX_ADC1_Init  adc.o
    0x080035ec   0x080035ec   0x0000002c   Code   RO           81    .text.MX_DMA_Init   dma.o
    0x08003618   0x08003618   0x00000068   Code   RO           49    .text.MX_GPIO_Init  gpio.o
    0x08003680   0x08003680   0x000000c8   Code   RO           94    .text.MX_I2C1_Init  i2c.o
    0x08003748   0x08003748   0x00000002   Code   RO          113    .text.NMI_Handler   stm32g0xx_it.o
    0x0800374a   0x0800374a   0x00000002   Code   RO          119    .text.PendSV_Handler  stm32g0xx_it.o
    0x0800374c   0x0800374c   0x00000002   Code   RO          117    .text.SVC_Handler   stm32g0xx_it.o
    0x0800374e   0x0800374e   0x00000002   PAD
    0x08003750   0x08003750   0x00000498   Code   RO           23    .text.Slave_Complete_Callback  main.o
    0x08003be8   0x08003be8   0x00000024   Code   RO          187    .text.Slave_Ready_To_Transmit_Callback  i2c_ex.o
    0x08003c0c   0x08003c0c   0x0000001c   Code   RO          185    .text.Slave_Reception_Callback  i2c_ex.o
    0x08003c28   0x08003c28   0x00000008   Code   RO          121    .text.SysTick_Handler  stm32g0xx_it.o
    0x08003c30   0x08003c30   0x000000a4   Code   RO           27    .text.SystemClock_Config  main.o
    0x08003cd4   0x08003cd4   0x00000002   Code   RO          932    .text.SystemInit    system_stm32g0xx.o
    0x08003cd6   0x08003cd6   0x00000002   PAD
    0x08003cd8   0x08003cd8   0x00000040   Code   RO          752    .text.__NVIC_SetPriority  stm32g0xx_hal_cortex.o
    0x08003d18   0x08003d18   0x000000b4   Code   RO          224    .text.color_set_single  ws2812.o
    0x08003dcc   0x08003dcc   0x00000038   Code   RO           19    .text.flash_data_write_back  main.o
    0x08003e04   0x08003e04   0x00000024   Code   RO          179    .text.i2c1_it_disable  i2c_ex.o
    0x08003e28   0x08003e28   0x0000002c   Code   RO          177    .text.i2c1_it_enable  i2c_ex.o
    0x08003e54   0x08003e54   0x00000034   Code   RO          183    .text.i2c1_set_send_data  i2c_ex.o
    0x08003e88   0x08003e88   0x00000044   Code   RO           15    .text.i2c_port_set_to_input  main.o
    0x08003ecc   0x08003ecc   0x00000050   Code   RO           17    .text.init_flash_data  main.o
    0x08003f1c   0x08003f1c   0x000000e4   Code   RO           25    .text.main          main.o
    0x08004000   0x08004000   0x00000020   Code   RO          216    .text.neopixel_set_color  ws2812.o
    0x08004020   0x08004020   0x0000002c   Code   RO          222    .text.neopixel_show  ws2812.o
    0x0800404c   0x0800404c   0x00000034   Code   RO          156    .text.readPackedMessageFromFlash  flash.o
    0x08004080   0x08004080   0x0000003e   Code   RO          206    .text.restart       ws2812.o
    0x080040be   0x080040be   0x00000002   PAD
    0x080040c0   0x080040c0   0x0000000c   Code   RO          173    .text.set_i2c_slave_address  i2c_ex.o
    0x080040cc   0x080040cc   0x0000001c   Code   RO          210    .text.sk6812_init   ws2812.o
    0x080040e8   0x080040e8   0x000000d8   Code   RO          100    .text.user_i2c_init  i2c.o
    0x080041c0   0x080041c0   0x000000c4   Code   RO          160    .text.writeMessageToFlash  flash.o
    0x08004284   0x08004284   0x0000000e   Code   RO         1012    i.__scatterload_copy  mc_p.l(handlers.o)
    0x08004292   0x08004292   0x00000002   Code   RO         1013    i.__scatterload_null  mc_p.l(handlers.o)
    0x08004294   0x08004294   0x0000000e   Code   RO         1014    i.__scatterload_zeroinit  mc_p.l(handlers.o)
    0x080042a2   0x080042a2   0x00000002   PAD
    0x080042a4   0x080042a4   0x0000006c   Code   RO          979    i.malloc            mc_p.l(malloc.o)
    0x08004310   0x08004310   0x00000020   Data   RO         1010    Region$$Table       anon$$obj.o


    Execution Region RW_IRAM1 (Exec base: 0x200000c0, Load base: 0x08004330, Size: 0x00000c58, Max: 0x00001f40, ABSOLUTE)

    Exec Addr    Load Addr    Size         Type   Attr      Idx    E Section Name        Object

    0x200000c0   0x08004330   0x00000004   Data   RW         1008    .data               mc_p.l(mvars.o)
    0x200000c4   0x08004334   0x00000004   Data   RW         1009    .data               mc_p.l(mvars.o)
    0x200000c8   0x08004338   0x00000008   PAD
    0x200000d0   0x08004340   0x0000005c   Data   RW           36    .data..L_MergedGlobals  main.o
    0x2000012c   0x0800439c   0x0000000c   Data   RW          855    .data..L_MergedGlobals  stm32g0xx_hal.o
    0x20000138   0x080043a8   0x00000004   Data   RW          936    .data.SystemCoreClock  system_stm32g0xx.o
    0x2000013c   0x080043ac   0x00000004   PAD
    0x20000140        -       0x00000014   Zero   RW          194    .bss..L_MergedGlobals  i2c_ex.o
    0x20000154        -       0x00000008   Zero   RW          227    .bss..L_MergedGlobals  ws2812.o
    0x2000015c   0x080043ac   0x00000004   PAD
    0x20000160        -       0x00000028   Zero   RW           37    .bss..L_MergedGlobals.1  main.o
    0x20000188        -       0x00000258   Zero   RW          193    .bss.aReceiveBuffer  i2c_ex.o
    0x200003e0        -       0x00000064   Zero   RW           68    .bss.hadc1          adc.o
    0x20000444        -       0x0000005c   Zero   RW           69    .bss.hdma_adc1      adc.o
    0x200004a0        -       0x0000001c   Zero   RW          525    .bss.pFlash         stm32g0xx_hal_flash.o
    0x200004bc        -       0x00000258   Zero   RW          192    .bss.tx_buffer      i2c_ex.o
    0x20000714   0x080043ac   0x00000004   PAD
    0x20000718        -       0x00000200   Zero   RW            2    HEAP                startup_stm32g030xx.o
    0x20000918        -       0x00000400   Zero   RW            1    STACK               startup_stm32g030xx.o


==============================================================================

Image component sizes


      Code (inc. data)   RO Data    RW Data    ZI Data      Debug   Object Name

       392         36          0          0        192       6954   adc.o
        44          4          0          0          0       1899   dma.o
       248         12          0          0          0       2744   flash.o
       104          4          0          0          0       2124   gpio.o
       472         64          0          0          0       5954   i2c.o
       492         36          0          0       1220       5936   i2c_ex.o
      2240        132          0         92         40      15705   main.o
        28          8        192          0       1536        608   startup_stm32g030xx.o
       172         16          0         12          0       7376   stm32g0xx_hal.o
      2550        116          0          0          0      20050   stm32g0xx_hal_adc.o
       364         20          0          0          0       8625   stm32g0xx_hal_adc_ex.o
       180         28          0          0          0       6880   stm32g0xx_hal_cortex.o
       900         28          0          0          0       7973   stm32g0xx_hal_dma.o
       368         36          0          0         28       5698   stm32g0xx_hal_flash.o
       192          8          0          0          0       5451   stm32g0xx_hal_flash_ex.o
       786         20          0          0          0       5034   stm32g0xx_hal_gpio.o
        40          0          0          0          0       1387   stm32g0xx_hal_msp.o
        48          8          0          0          0       1182   stm32g0xx_it.o
       208          0          0          0          0       4280   stm32g0xx_ll_gpio.o
       180         28          0          0          0       4216   stm32g0xx_ll_i2c.o
        12          4          0          0          0       7460   stm32g0xx_ll_utils.o
         2          0          0          4          0       2041   system_stm32g0xx.o
       414         12          0          0          8       4254   ws2812.o

    ----------------------------------------------------------------------
     10452        620        224        108       3036     133831   Object Totals
         0          0         32          0          0          0   (incl. Generated)
        16          0          0          0         12          0   (incl. Padding)

    ----------------------------------------------------------------------

      Code (inc. data)   RO Data    RW Data    ZI Data      Debug   Library Member Name

        28          0          0          0          0         68   calloc.o
         0          0          0          0          0          0   entry.o
         0          0          0          0          0          0   entry10a.o
         0          0          0          0          0          0   entry11a.o
         8          4          0          0          0          0   entry2.o
         4          0          0          0          0          0   entry5.o
         0          0          0          0          0          0   entry7b.o
         0          0          0          0          0          0   entry8b.o
         8          4          0          0          0          0   entry9a.o
        30          0          0          0          0          0   handlers.o
        40          0          0          0          0         72   idiv.o
        36          8          0          0          0         68   init.o
       108         16          0          0          0         76   malloc.o
        36          0          0          0          0         60   memcpya.o
        36          0          0          0          0        100   memseta.o
         0          0          0          8          0          0   mvars.o
        44          0          0          0          0         72   uidiv.o

    ----------------------------------------------------------------------
       380         32          0         16          0        516   Library Totals
         2          0          0          8          0          0   (incl. Padding)

    ----------------------------------------------------------------------

      Code (inc. data)   RO Data    RW Data    ZI Data      Debug   Library Name

       378         32          0          8          0        516   mc_p.l

    ----------------------------------------------------------------------
       380         32          0         16          0        516   Library Totals

    ----------------------------------------------------------------------

==============================================================================


      Code (inc. data)   RO Data    RW Data    ZI Data      Debug   

     10832        652        224        124       3036     133987   Grand Totals
     10832        652        224        124       3036     133987   ELF Image Totals
     10832        652        224        124          0          0   ROM Totals

==============================================================================

    Total RO  Size (Code + RO Data)                11056 (  10.80kB)
    Total RW  Size (RW Data + ZI Data)              3160 (   3.09kB)
    Total ROM Size (Code + RO Data + RW Data)      11180 (  10.92kB)

==============================================================================

